{
  "rear_-49deg_0N": 0.0,
  "rear_-49deg_6N": 0.0,
  "rear_-49deg_15N": 0.0,
  "rear_-49deg_100N": 0.0,
  "rear_0deg_0N": 0.0,
  "rear_0deg_6N": 0.0,
  "rear_0deg_15N": 0.0,
  "rear_0deg_100N": 0.0,
  "rear_24deg_0N": 0.0,
  "rear_24deg_6N": 0.021570807322859764,
  "rear_24deg_15N": 0.02451227977871895,
  "rear_24deg_100N": 0.03921964764595032,
  "rear_30deg_0N": 0.04546494781970978,
  "rear_30deg_6N": 0.1226017028093338,
  "rear_30deg_15N": 0.13932010531425476,
  "rear_30deg_100N": 0.22291217744350433,
  "rear_49deg_0N": 0.6581254601478577,
  "rear_49deg_6N": 0.6066005229949951,
  "rear_49deg_15N": 0.6893187761306763,
  "rear_49deg_100N": 1.102910041809082,
  "rear_70deg_0N": 1.2670050859451294,
  "rear_70deg_6N": 1.0084220170974731,
  "rear_70deg_15N": 1.1459341049194336,
  "rear_70deg_100N": 1.8334945440292358,
  "flat": 0.0,
  "yaw": 0.0,
  "reverse": 0.0,
  "rear_transfer_scan_missing": 1.102910041809082,
  "lower_platform_clears_latch": true,
  "histogram_metrics_wired": true,
  "rear_target_scores": [
    0.1512397676706314,
    0.5352614521980286,
    1.0,
    0.13533535599708557,
    0.04393693432211876
  ],
  "direction_0.2m": 0.14835184812545776,
  "direction_1.0m": 2.3109207153320312,
  "direction_2.0m": 3.0767996311187744,
  "direction_4.0m": 3.5190000534057617
}
