{
  "scope": "counterfactual production rewards over actual MuJoCo descent; different contact-time adapter",
  "metrics": {
    "turn_samples": 0.0,
    "descent_samples": 205.0,
    "rear_support_samples": 296.0,
    "turn_clearance_mean_m": 0.0,
    "turn_reach_mean_m": 0.0,
    "turn_yaw_error_mean": 0.0,
    "rear_extension_mean_m": 0.4285928010940552,
    "rear_fold_support_fraction": 0.14189189672470093,
    "ascent_samples": 0.0,
    "front_support_samples": 0.0,
    "front_extension_mean_m": 0.0,
    "front_knee_abs_mean_rad": 0.0,
    "front_fold_support_fraction": 0.0,
    "front_swing_samples": 0.0,
    "front_extreme_swing_fold_fraction": 0.0,
    "front_loaded_a_mean_deg": 0.0,
    "front_loaded_a_low_fraction": 0.0,
    "front_loaded_a_min_deg": 0.0,
    "fl_loaded_samples": 0.0,
    "fl_loaded_a_mean_deg": 0.0,
    "fl_loaded_a_low_fraction": 0.0,
    "fr_loaded_samples": 0.0,
    "fr_loaded_a_mean_deg": 0.0,
    "fr_loaded_a_low_fraction": 0.0,
    "front_swing_a_mean_deg": 0.0,
    "front_swing_a_low_fraction": 0.0,
    "front_swing_a_min_deg": 0.0,
    "fl_swing_samples": 0.0,
    "fl_swing_a_mean_deg": 0.0,
    "fl_swing_a_low_fraction": 0.0,
    "fr_swing_samples": 0.0,
    "fr_swing_a_mean_deg": 0.0,
    "fr_swing_a_low_fraction": 0.0,
    "rear_forward_samples": 296.0,
    "rear_forward_excess_fraction": 0.0878378376364708,
    "rear_body_b_mean_deg": -0.3738604784011841,
    "rear_gravity_g_mean_deg": -8.59691047668457,
    "rear_b_max_deg": 48.77753829956055,
    "rear_g_max_deg": 33.39347839355469,
    "hl_loaded_samples": 151.0,
    "hl_body_b_mean_deg": -1.529786467552185,
    "hl_gravity_g_mean_deg": -9.873210906982422,
    "hl_forward_excess_fraction": 0.06622516363859177,
    "hr_loaded_samples": 145.0,
    "hr_body_b_mean_deg": 0.8298970460891724,
    "hr_gravity_g_mean_deg": -7.267796993255615,
    "hr_forward_excess_fraction": 0.11034482717514038,
    "rear_entry_samples": 0.0,
    "rear_entry_b_mean_deg": 0.0,
    "rear_entry_g_mean_deg": 0.0,
    "front_body_gap_samples": 0.0,
    "front_body_gap_mean_m": 0.0,
    "front_body_gap_low_fraction": 0.0,
    "loaded_without_local_map_samples": 0.0,
    "rear_swing_samples": 114.0,
    "rear_swing_excess_fraction": 0.1315789520740509,
    "rear_swing_b_positive_mean_deg": 13.957572937011719,
    "rear_swing_b_max_deg": 52.25468063354492,
    "rear_swing_g_positive_mean_deg": 6.038271427154541,
    "rear_swing_g_max_deg": 36.007225036621094,
    "hl_swing_excess_fraction": 0.14814814925193787,
    "hr_swing_excess_fraction": 0.11666666716337204,
    "hl_loaded_b_p95_upper_deg": 35.0,
    "hr_loaded_b_p95_upper_deg": 40.0,
    "hl_loaded_g_p95_upper_deg": 20.0,
    "hr_loaded_g_p95_upper_deg": 25.0,
    "hl_swing_b_p95_upper_deg": 55.0,
    "hr_swing_b_p95_upper_deg": 50.0,
    "hl_swing_g_p95_upper_deg": 35.0,
    "hr_swing_g_p95_upper_deg": 35.0,
    "descent_entry_started": 1.0,
    "hl_entry_samples": 42.0,
    "hl_entry_x_mean_m": 0.04448360949754715,
    "hl_entry_in_band_fraction": 0.7142857313156128,
    "hl_entry_too_forward_fraction": 0.190476194024086,
    "hl_entry_too_rearward_fraction": 0.095238097012043,
    "hl_entry_retract_credit": 0.0,
    "hl_entry_blocked_fraction": 0.0,
    "hr_entry_samples": 43.0,
    "hr_entry_x_mean_m": 0.07923965901136398,
    "hr_entry_in_band_fraction": 0.6976743936538696,
    "hr_entry_too_forward_fraction": 0.302325576543808,
    "hr_entry_too_rearward_fraction": 0.0,
    "hr_entry_retract_credit": 0.0,
    "hr_entry_blocked_fraction": 0.0
  },
  "gain_total": 0.0,
  "rear_cost_integral": 0.07324257466032578
}
