[TERRAIN] {"terrain": "ascent", "terrain_xml": "/home/ubuntu/cyq_shixi_projects/rl_training/deploy/deploy_mujoco/terrains/stairs_ascent.xml", "terrain_parameters": {"width": [4.0], "friction": [1.0, 0.01, 0.01], "spawn_xy": [-1.0, 0.0], "spawn_yaw_deg": [0.0], "start_x": [0.25], "step_height": [0.15], "tread_depth": [0.2], "step_count": [20.0], "platform_length": [10.0]}, "goal_x": 4.25, "course_width": 4.0}
[KEYS] Z stand | C teacher policy | X lie down | R damping | H height scan | Esc quit
[HEIGHTMAP] 187 points: green=local ground, red=higher, blue=lower
[KEYS] W/S forward/back | A/D left/right | Q/E turn left/right
[KEYS] Input: MuJoCo window or focused terminal
[KEYS] Window motion: hold/release state (X11)
[MODE] prone
step=0000 mode=prone t=0.02s x=-1.000 z=0.199 cmd=[0.0, 0.0, 0.0]
[MODE] standing t=0.26s
[MODE] ready t=5.28s
[MODE] policy t=5.82s
step=0800 mode=policy t=16.02s x=4.061 z=3.376 cmd=[0.699999988079071, 0.0, 0.0]
{
  "checkpoint": "/home/ubuntu/cyq_shixi_projects/rl_training/.scratch/latest_gait_20261008/baseline.pt",
  "model": "/home/ubuntu/\u684c\u9762/m20_1/M20_perception_Lidar_rl_2/M20_perception_Lidar_rl/deep_robotics_model/M20/mjcf/M20.xml",
  "terrain": "ascent",
  "terrain_xml": "/home/ubuntu/cyq_shixi_projects/rl_training/deploy/deploy_mujoco/terrains/stairs_ascent.xml",
  "terrain_parameters": {
    "width": [
      4.0
    ],
    "friction": [
      1.0,
      0.01,
      0.01
    ],
    "spawn_xy": [
      -1.0,
      0.0
    ],
    "spawn_yaw_deg": [
      0.0
    ],
    "start_x": [
      0.25
    ],
    "step_height": [
      0.15
    ],
    "tread_depth": [
      0.2
    ],
    "step_count": [
      20.0
    ],
    "platform_length": [
      10.0
    ]
  },
  "goal_x": 4.25,
  "course_width": 4.0,
  "crossed_finish": true,
  "inside_course": true,
  "cleared_terrain": true,
  "cleared_stairs": true,
  "clearance_criterion": "all wheels beyond +X goal, inside width at final frame, no fall; bypass not checked",
  "steps_executed": 849,
  "final_mode": "policy",
  "transitions": [
    {
      "time": 0.0,
      "mode": "prone"
    },
    {
      "time": 0.26,
      "mode": "standing"
    },
    {
      "time": 5.28,
      "mode": "ready"
    },
    {
      "time": 5.82,
      "mode": "policy"
    }
  ],
  "max_x": 4.689402464631466,
  "final_x": 4.689402464631466,
  "final_z": 3.5667927417490017,
  "fell_in_policy": false,
  "critic_used": false
}
RESULT {"stop_reasons": ["all_wheels_crossed"], "fell_in_policy": false, "phase_duration_s": 9.545, "force": {"contact_samples": 3391, "mean_n": 209.58555781180365, "p95_n": 419.84238150739077, "p99_n": 951.5296549454495, "max_n": 1570.1026981414768}, "mechanical_power_mean_w": 466.29280467171856, "front_support": {"samples": 14, "extension_min_m": 0.35872821548060463, "extension_p05_m": 0.35916950113535046, "knee_abs_max_deg": 99.81204853903411, "knee_abs_p95_deg": 99.66468466612854}, "front_swing": {"samples": 541, "extension_min_m": 0.1831937704027831, "extension_p05_m": 0.1866481355534029, "knee_abs_max_deg": 158.65797069558454, "knee_abs_p95_deg": 157.10273248345982}, "descent_entry": {"first_front_down_s": null, "first_rear_down_s": null, "stable_rear_samples": 0, "rear_tilt_body_p95_deg": null, "rear_tilt_yaw_p95_deg": null, "rear_forward_body_max_m": null, "pitch_min_deg": null, "rear_fold": {"samples": 0, "extension_min_m": null, "extension_p05_m": null, "knee_abs_max_deg": null, "knee_abs_p95_deg": null}}}
