[TERRAIN] {"terrain": "ascent", "terrain_xml": "/home/ubuntu/cyq_shixi_projects/rl_training/deploy/deploy_mujoco/terrains/stairs_ascent.xml", "terrain_parameters": {"width": [4.0], "friction": [1.0, 0.01, 0.01], "spawn_xy": [-1.0, 0.0], "spawn_yaw_deg": [0.0], "start_x": [0.25], "step_height": [0.15], "tread_depth": [0.3], "step_count": [8.0], "platform_length": [10.0]}, "goal_x": 2.65, "course_width": 4.0}
[KEYS] Z stand | C teacher policy | X lie down | R damping | H height scan | Esc quit
[HEIGHTMAP] 187 points: green=local ground, red=higher, blue=lower
[KEYS] W/S forward/back | A/D left/right | Q/E turn left/right
[KEYS] Input: MuJoCo window or focused terminal
[KEYS] Window motion: hold/release state (X11)
[MODE] prone
step=0000 mode=prone t=0.02s x=-1.000 z=0.199 cmd=[0.0, 0.0, 0.0]
[MODE] standing t=0.26s
[MODE] ready t=5.28s
[MODE] policy t=5.82s
{
  "checkpoint": "/home/ubuntu/cyq_shixi_projects/rl_training/.scratch/latest_gait_20261008/latest.pt",
  "model": "/home/ubuntu/\u684c\u9762/m20_1/M20_perception_Lidar_rl_2/M20_perception_Lidar_rl/deep_robotics_model/M20/mjcf/M20.xml",
  "terrain": "ascent",
  "terrain_xml": "/home/ubuntu/cyq_shixi_projects/rl_training/deploy/deploy_mujoco/terrains/stairs_ascent.xml",
  "terrain_parameters": {
    "width": [
      4.0
    ],
    "friction": [
      1.0,
      0.01,
      0.01
    ],
    "spawn_xy": [
      -1.0,
      0.0
    ],
    "spawn_yaw_deg": [
      0.0
    ],
    "start_x": [
      0.25
    ],
    "step_height": [
      0.15
    ],
    "tread_depth": [
      0.3
    ],
    "step_count": [
      8.0
    ],
    "platform_length": [
      10.0
    ]
  },
  "goal_x": 2.65,
  "course_width": 4.0,
  "crossed_finish": true,
  "inside_course": true,
  "cleared_terrain": true,
  "cleared_stairs": true,
  "clearance_criterion": "all wheels beyond +X goal, inside width at final frame, no fall; bypass not checked",
  "steps_executed": 715,
  "final_mode": "policy",
  "transitions": [
    {
      "time": 0.0,
      "mode": "prone"
    },
    {
      "time": 0.26,
      "mode": "standing"
    },
    {
      "time": 5.28,
      "mode": "ready"
    },
    {
      "time": 5.82,
      "mode": "policy"
    }
  ],
  "max_x": 3.0552676153711302,
  "final_x": 3.0552676153711302,
  "final_z": 1.7722972856649541,
  "fell_in_policy": false,
  "critic_used": false
}
RESULT {"stop_reasons": ["all_wheels_crossed"], "fell_in_policy": false, "phase_duration_s": 6.34, "force": {"contact_samples": 3138, "mean_n": 146.69379067653205, "p95_n": 313.40125114144735, "p99_n": 528.2299368171467, "max_n": 1808.2143944635718}, "mechanical_power_mean_w": 275.9574039733139, "front_support": {"samples": 68, "extension_min_m": 0.3959684449632941, "extension_p05_m": 0.4007164888150377, "knee_abs_max_deg": 86.88019874938895, "knee_abs_p95_deg": 85.14203692952813}, "front_swing": {"samples": 199, "extension_min_m": 0.29036669036287643, "extension_p05_m": 0.29734504748710505, "knee_abs_max_deg": 121.69528642204835, "knee_abs_p95_deg": 119.51105822537097}, "descent_entry": {"first_front_down_s": null, "first_rear_down_s": null, "stable_rear_samples": 0, "rear_tilt_body_p95_deg": null, "rear_tilt_yaw_p95_deg": null, "rear_forward_body_max_m": null, "pitch_min_deg": null, "rear_fold": {"samples": 0, "extension_min_m": null, "extension_p05_m": null, "knee_abs_max_deg": null, "knee_abs_p95_deg": null}}}
