[TERRAIN] {"terrain": "ascent", "terrain_xml": "/home/ubuntu/cyq_shixi_projects/rl_training/deploy/deploy_mujoco/terrains/stairs_ascent.xml", "terrain_parameters": {"width": [4.0], "friction": [1.0, 0.01, 0.01], "spawn_xy": [-1.0, 0.0], "spawn_yaw_deg": [0.0], "start_x": [0.25], "step_height": [0.15], "tread_depth": [0.2], "step_count": [20.0], "platform_length": [10.0]}, "goal_x": 4.25, "course_width": 4.0}
[KEYS] Z stand | C teacher policy | X lie down | R damping | H height scan | Esc quit
[HEIGHTMAP] 187 points: green=local ground, red=higher, blue=lower
[KEYS] W/S forward/back | A/D left/right | Q/E turn left/right
[KEYS] Input: MuJoCo window or focused terminal
[KEYS] Window motion: hold/release state (X11)
[MODE] prone
step=0000 mode=prone t=0.02s x=-1.000 z=0.199 cmd=[0.0, 0.0, 0.0]
[MODE] standing t=0.26s
[MODE] ready t=5.28s
[MODE] policy t=5.82s
{
  "checkpoint": "/home/ubuntu/cyq_shixi_projects/rl_training/.scratch/latest_gait_20261008/latest.pt",
  "model": "/home/ubuntu/\u684c\u9762/m20_1/M20_perception_Lidar_rl_2/M20_perception_Lidar_rl/deep_robotics_model/M20/mjcf/M20.xml",
  "terrain": "ascent",
  "terrain_xml": "/home/ubuntu/cyq_shixi_projects/rl_training/deploy/deploy_mujoco/terrains/stairs_ascent.xml",
  "terrain_parameters": {
    "width": [
      4.0
    ],
    "friction": [
      1.0,
      0.01,
      0.01
    ],
    "spawn_xy": [
      -1.0,
      0.0
    ],
    "spawn_yaw_deg": [
      0.0
    ],
    "start_x": [
      0.25
    ],
    "step_height": [
      0.15
    ],
    "tread_depth": [
      0.2
    ],
    "step_count": [
      20.0
    ],
    "platform_length": [
      10.0
    ]
  },
  "goal_x": 4.25,
  "course_width": 4.0,
  "crossed_finish": false,
  "inside_course": true,
  "cleared_terrain": false,
  "cleared_stairs": false,
  "clearance_criterion": "all wheels beyond +X goal, inside width at final frame, no fall; bypass not checked",
  "steps_executed": 659,
  "final_mode": "policy",
  "transitions": [
    {
      "time": 0.0,
      "mode": "prone"
    },
    {
      "time": 0.26,
      "mode": "standing"
    },
    {
      "time": 5.28,
      "mode": "ready"
    },
    {
      "time": 5.82,
      "mode": "policy"
    }
  ],
  "max_x": 2.248016105256289,
  "final_x": 2.248016105256289,
  "final_z": 2.1596628270221156,
  "fell_in_policy": false,
  "critic_used": false
}
RESULT {"stop_reasons": ["left_course"], "fell_in_policy": false, "phase_duration_s": 5.65, "force": {"contact_samples": 2086, "mean_n": 200.76499790584077, "p95_n": 448.36812409146694, "p99_n": 758.5451927385177, "max_n": 1776.3919104420045}, "mechanical_power_mean_w": 466.9317731799895, "front_support": {"samples": 16, "extension_min_m": 0.36897601176504974, "extension_p05_m": 0.36969901227560686, "knee_abs_max_deg": 96.35900102767346, "knee_abs_p95_deg": 96.11268635811975}, "front_swing": {"samples": 330, "extension_min_m": 0.1819886820765892, "extension_p05_m": 0.23971854808483908, "knee_abs_max_deg": 159.21928229323302, "knee_abs_p95_deg": 137.7475755051022}, "descent_entry": {"first_front_down_s": null, "first_rear_down_s": null, "stable_rear_samples": 0, "rear_tilt_body_p95_deg": null, "rear_tilt_yaw_p95_deg": null, "rear_forward_body_max_m": null, "pitch_min_deg": null, "rear_fold": {"samples": 0, "extension_min_m": null, "extension_p05_m": null, "knee_abs_max_deg": null, "knee_abs_p95_deg": null}}}
