[TERRAIN] {"terrain": "flat", "terrain_xml": "/home/ubuntu/cyq_shixi_projects/rl_training/deploy/deploy_mujoco/terrains/flat.xml", "terrain_parameters": {"width": [4.0], "friction": [1.0, 0.01, 0.01], "spawn_xy": [-1.0, 0.0], "spawn_yaw_deg": [0.0], "goal_x": [5.0]}, "goal_x": 5.0, "course_width": 4.0}
[KEYS] Z stand | C teacher policy | X lie down | R damping | H height scan | Esc quit
[HEIGHTMAP] 187 points: green=local ground, red=higher, blue=lower
[KEYS] W/S forward/back | A/D left/right | Q/E turn left/right
[KEYS] Input: MuJoCo window or focused terminal
[KEYS] Window motion: hold/release state (X11)
[MODE] prone
step=0000 mode=prone t=0.02s x=-1.000 z=0.199 cmd=[0.0, 0.0, 0.0]
[MODE] standing t=0.26s
[MODE] ready t=5.28s
[MODE] policy t=5.82s
{
  "checkpoint": "/home/ubuntu/cyq_shixi_projects/rl_training/.scratch/latest_gait_20261008/latest.pt",
  "model": "/home/ubuntu/\u684c\u9762/m20_1/M20_perception_Lidar_rl_2/M20_perception_Lidar_rl/deep_robotics_model/M20/mjcf/M20.xml",
  "terrain": "flat",
  "terrain_xml": "/home/ubuntu/cyq_shixi_projects/rl_training/deploy/deploy_mujoco/terrains/flat.xml",
  "terrain_parameters": {
    "width": [
      4.0
    ],
    "friction": [
      1.0,
      0.01,
      0.01
    ],
    "spawn_xy": [
      -1.0,
      0.0
    ],
    "spawn_yaw_deg": [
      0.0
    ],
    "goal_x": [
      5.0
    ]
  },
  "goal_x": 5.0,
  "course_width": 4.0,
  "crossed_finish": false,
  "inside_course": true,
  "cleared_terrain": false,
  "cleared_stairs": false,
  "clearance_criterion": "all wheels beyond +X goal, inside width at final frame, no fall; bypass not checked",
  "steps_executed": 800,
  "final_mode": "policy",
  "transitions": [
    {
      "time": 0.0,
      "mode": "prone"
    },
    {
      "time": 0.26,
      "mode": "standing"
    },
    {
      "time": 5.28,
      "mode": "ready"
    },
    {
      "time": 5.82,
      "mode": "policy"
    }
  ],
  "max_x": -0.999781704136454,
  "final_x": -1.0286788382667122,
  "final_z": 0.5720969312512181,
  "fell_in_policy": false,
  "critic_used": false
}
RESULT {"stop_reasons": [], "fell_in_policy": false, "phase_duration_s": 9.5, "force": {"contact_samples": 3976, "mean_n": 164.29339571051614, "p95_n": 292.0347676517424, "p99_n": 512.8215833833988, "max_n": 735.1025645769831}, "mechanical_power_mean_w": 49.62734814643762, "front_support": {"samples": 0, "extension_min_m": null, "extension_p05_m": null, "knee_abs_max_deg": null, "knee_abs_p95_deg": null}, "front_swing": {"samples": 0, "extension_min_m": null, "extension_p05_m": null, "knee_abs_max_deg": null, "knee_abs_p95_deg": null}, "descent_entry": {"first_front_down_s": null, "first_rear_down_s": null, "stable_rear_samples": 0, "rear_tilt_body_p95_deg": null, "rear_tilt_yaw_p95_deg": null, "rear_forward_body_max_m": null, "pitch_min_deg": null, "rear_fold": {"samples": 0, "extension_min_m": null, "extension_p05_m": null, "knee_abs_max_deg": null, "knee_abs_p95_deg": null}}}
