[TERRAIN] {"terrain": "ascent", "terrain_xml": "/home/ubuntu/cyq_shixi_projects/rl_training/deploy/deploy_mujoco/terrains/stairs_ascent.xml", "terrain_parameters": {"width": [4.0], "friction": [1.0, 0.01, 0.01], "spawn_xy": [-1.0, 0.0], "spawn_yaw_deg": [0.0], "start_x": [0.25], "step_height": [0.15], "tread_depth": [0.2], "step_count": [8.0], "platform_length": [10.0]}, "goal_x": 1.85, "course_width": 4.0}
[KEYS] Z stand | C teacher policy | X lie down | R damping | H height scan | Esc quit
[HEIGHTMAP] 187 points: green=local ground, red=higher, blue=lower
[KEYS] W/S forward/back | A/D left/right | Q/E turn left/right
[KEYS] Input: MuJoCo window or focused terminal
[KEYS] Window motion: hold/release state (X11)
[MODE] prone
step=0000 mode=prone t=0.02s x=-1.000 z=0.199 cmd=[0.0, 0.0, 0.0]
[MODE] standing t=0.26s
step=0250 mode=standing t=5.02s x=-1.001 z=0.532 cmd=[0.0, 0.0, 0.0]
[MODE] ready t=5.28s
[MODE] policy t=5.82s
CAPTURE {"case": "up", "leg": "fl", "time_s": 9.180000000000035, "checkpoint": "model_196600.pt", "physical_closed_loop": true, "H_hip_joint_world": [0.5927164464972996, 0.05834225515872783, 0.8039943341577678], "K_knee_joint_world": [0.5489913902039053, 0.18994774972664497, 0.5738842012829343], "W_wheel_center_world": [0.6859899380640471, 0.2192710808116141, 0.7893668342589906], "knee_q_signed_deg": 157.1328293891264, "knee_inner_hinge_plane_deg": 22.86717061087352, "knee_inner_3d_deg": 41.503213109732194, "whole_leg_forward_tilt_body_deg": 57.38932142333015, "whole_leg_forward_tilt_gravity_deg": 80.03138213529068, "thigh_forward_tilt_body_deg": -33.64097552328655, "body_pitch_positive_nose_down_deg": -21.229141183685254}
{
  "checkpoint": "/home/ubuntu/cyq_shixi_projects/rl_training/.scratch/gait_quality_20261007/latest.pt",
  "model": "/home/ubuntu/\u684c\u9762/m20_1/M20_perception_Lidar_rl_2/M20_perception_Lidar_rl/deep_robotics_model/M20/mjcf/M20.xml",
  "terrain": "ascent",
  "terrain_xml": "/home/ubuntu/cyq_shixi_projects/rl_training/deploy/deploy_mujoco/terrains/stairs_ascent.xml",
  "terrain_parameters": {
    "width": [
      4.0
    ],
    "friction": [
      1.0,
      0.01,
      0.01
    ],
    "spawn_xy": [
      -1.0,
      0.0
    ],
    "spawn_yaw_deg": [
      0.0
    ],
    "start_x": [
      0.25
    ],
    "step_height": [
      0.15
    ],
    "tread_depth": [
      0.2
    ],
    "step_count": [
      8.0
    ],
    "platform_length": [
      10.0
    ]
  },
  "goal_x": 1.85,
  "course_width": 4.0,
  "crossed_finish": false,
  "inside_course": true,
  "cleared_terrain": false,
  "cleared_stairs": false,
  "clearance_criterion": "all wheels beyond +X goal, inside width at final frame, no fall; bypass not checked",
  "steps_executed": 459,
  "final_mode": "policy",
  "transitions": [
    {
      "time": 0.0,
      "mode": "prone"
    },
    {
      "time": 0.26,
      "mode": "standing"
    },
    {
      "time": 5.28,
      "mode": "ready"
    },
    {
      "time": 5.82,
      "mode": "policy"
    }
  ],
  "max_x": 0.29664920926762206,
  "final_x": 0.29664920926762206,
  "final_z": 0.689307840150179,
  "fell_in_policy": false,
  "critic_used": false
}
