{
  "rear_-49deg_0N": 0.0,
  "rear_-49deg_6N": 0.0,
  "rear_-49deg_15N": 0.0,
  "rear_-49deg_100N": 0.0,
  "rear_0deg_0N": 0.0,
  "rear_0deg_6N": 0.0,
  "rear_0deg_15N": 0.0,
  "rear_0deg_100N": 0.0,
  "rear_24deg_0N": 0.0,
  "rear_24deg_6N": 0.021153857931494713,
  "rear_24deg_15N": 0.02403847500681877,
  "rear_24deg_100N": 0.038461558520793915,
  "rear_30deg_0N": 0.0,
  "rear_30deg_6N": 0.10999990254640579,
  "rear_30deg_15N": 0.12499988824129105,
  "rear_30deg_100N": 0.1999998241662979,
  "rear_49deg_0N": 0.13154368102550507,
  "rear_49deg_6N": 0.37272366881370544,
  "rear_49deg_15N": 0.4235495924949646,
  "rear_49deg_100N": 0.6776793599128723,
  "rear_70deg_0N": 0.30153846740722656,
  "rear_70deg_6N": 0.47413793206214905,
  "rear_70deg_15N": 0.5387930870056152,
  "rear_70deg_100N": 0.8620689511299133,
  "flat": 0.0,
  "yaw": 0.0,
  "reverse": 0.0,
  "rear_transfer_scan_missing": 0.6776793599128723,
  "lower_platform_clears_latch": true,
  "histogram_metrics_wired": true,
  "rear_target_scores": [
    0.1512397676706314,
    0.5352614521980286,
    1.0,
    0.13533535599708557,
    0.04393693432211876
  ],
  "direction_0.2m": 0.14835184812545776,
  "direction_1.0m": 2.3109207153320312,
  "direction_2.0m": 3.0767996311187744,
  "direction_4.0m": 3.5190000534057617
}
