[TERRAIN] {"terrain": "descent", "terrain_xml": "/home/ubuntu/cyq_shixi_projects/rl_training/deploy/deploy_mujoco/terrains/stairs_descent.xml", "terrain_parameters": {"width": [4.0], "friction": [1.0, 0.01, 0.01], "spawn_xy": [-1.0, 0.0], "spawn_yaw_deg": [0.0], "start_x": [0.5], "step_height": [0.15], "tread_depth": [0.3], "step_count": [8.0], "platform_length": [10.0]}, "goal_x": 2.9, "course_width": 4.0}
[KEYS] Z stand | C teacher policy | X lie down | R damping | H height scan | Esc quit
[HEIGHTMAP] 187 points: green=local ground, red=higher, blue=lower
[KEYS] W/S forward/back | A/D left/right | Q/E turn left/right
[KEYS] Input: MuJoCo window or focused terminal
[KEYS] Window motion: hold/release state (X11)
[MODE] prone
step=0000 mode=prone t=0.02s x=-1.000 z=1.399 cmd=[0.0, 0.0, 0.0]
[MODE] standing t=0.26s
[MODE] ready t=5.28s
[MODE] policy t=5.82s
step=0400 mode=policy t=8.02s x=0.002 z=1.763 cmd=[0.5, 0.0, 0.0]
{
  "checkpoint": "/home/ubuntu/cyq_shixi_projects/rl_training/.scratch/gait_quality_20261007/initial.pt",
  "model": "/home/ubuntu/\u684c\u9762/m20_1/M20_perception_Lidar_rl_2/M20_perception_Lidar_rl/deep_robotics_model/M20/mjcf/M20.xml",
  "terrain": "descent",
  "terrain_xml": "/home/ubuntu/cyq_shixi_projects/rl_training/deploy/deploy_mujoco/terrains/stairs_descent.xml",
  "terrain_parameters": {
    "width": [
      4.0
    ],
    "friction": [
      1.0,
      0.01,
      0.01
    ],
    "spawn_xy": [
      -1.0,
      0.0
    ],
    "spawn_yaw_deg": [
      0.0
    ],
    "start_x": [
      0.5
    ],
    "step_height": [
      0.15
    ],
    "tread_depth": [
      0.3
    ],
    "step_count": [
      8.0
    ],
    "platform_length": [
      10.0
    ]
  },
  "goal_x": 2.9,
  "course_width": 4.0,
  "crossed_finish": false,
  "inside_course": false,
  "cleared_terrain": false,
  "cleared_stairs": false,
  "clearance_criterion": "all wheels beyond +X goal, inside width at final frame, no fall; bypass not checked",
  "steps_executed": 702,
  "final_mode": "policy",
  "transitions": [
    {
      "time": 0.0,
      "mode": "prone"
    },
    {
      "time": 0.26,
      "mode": "standing"
    },
    {
      "time": 5.28,
      "mode": "ready"
    },
    {
      "time": 5.82,
      "mode": "policy"
    }
  ],
  "max_x": 3.037988665448097,
  "final_x": 3.037988665448097,
  "final_z": 0.5745660086731063,
  "fell_in_policy": false,
  "critic_used": false
}
RESULT {"stop_reasons": ["left_course"], "fell_in_policy": false, "phase_duration_s": 5.97, "force": {"contact_samples": 3038, "mean_n": 139.88440676128116, "p95_n": 245.1639857736109, "p99_n": 609.0984948018381, "max_n": 2019.8525043074264}, "mechanical_power_mean_w": 155.2218090231042, "front_support": {"samples": 136, "extension_min_m": 0.4502017358390673, "extension_p05_m": 0.47122067945796997, "knee_abs_max_deg": 65.75045855298714, "knee_abs_p95_deg": 55.13085894100829}, "front_swing": {"samples": 278, "extension_min_m": 0.42342508970491805, "extension_p05_m": 0.43280663236064965, "knee_abs_max_deg": 76.40434040442896, "knee_abs_p95_deg": 72.61440205857717}, "descent_entry": {"first_front_down_s": 8.179999999999879, "first_rear_down_s": 8.779999999999973, "stable_rear_samples": 84, "rear_tilt_body_p95_deg": 42.043391503895904, "rear_tilt_yaw_p95_deg": 35.50299939352585, "rear_forward_body_max_m": 0.3368759254484708, "pitch_min_deg": -3.201535754474751, "rear_fold": {"samples": 84, "extension_min_m": 0.4567703368519126, "extension_p05_m": 0.45893511528702924, "knee_abs_max_deg": 62.026211707710196, "knee_abs_p95_deg": 60.702748409286784}}}
