[TERRAIN] {"terrain": "ascent", "terrain_xml": "/home/ubuntu/cyq_shixi_projects/rl_training/deploy/deploy_mujoco/terrains/stairs_ascent.xml", "terrain_parameters": {"width": [4.0], "friction": [1.0, 0.01, 0.01], "spawn_xy": [-1.0, 0.0], "spawn_yaw_deg": [0.0], "start_x": [0.25], "step_height": [0.15], "tread_depth": [0.3], "step_count": [8.0], "platform_length": [10.0]}, "goal_x": 2.65, "course_width": 4.0}
[KEYS] Z stand | C teacher policy | X lie down | R damping | H height scan | Esc quit
[HEIGHTMAP] 187 points: green=local ground, red=higher, blue=lower
[KEYS] W/S forward/back | A/D left/right | Q/E turn left/right
[KEYS] Input: MuJoCo window or focused terminal
[KEYS] Window motion: hold/release state (X11)
[MODE] prone
step=0000 mode=prone t=0.02s x=-1.000 z=0.199 cmd=[0.0, 0.0, 0.0]
[MODE] standing t=0.26s
[MODE] ready t=5.28s
[MODE] policy t=5.82s
step=0400 mode=policy t=8.02s x=-0.232 z=0.577 cmd=[0.5, 0.0, 0.0]
{
  "checkpoint": "/home/ubuntu/cyq_shixi_projects/rl_training/.scratch/gait_quality_20261007/intermediate.pt",
  "model": "/home/ubuntu/\u684c\u9762/m20_1/M20_perception_Lidar_rl_2/M20_perception_Lidar_rl/deep_robotics_model/M20/mjcf/M20.xml",
  "terrain": "ascent",
  "terrain_xml": "/home/ubuntu/cyq_shixi_projects/rl_training/deploy/deploy_mujoco/terrains/stairs_ascent.xml",
  "terrain_parameters": {
    "width": [
      4.0
    ],
    "friction": [
      1.0,
      0.01,
      0.01
    ],
    "spawn_xy": [
      -1.0,
      0.0
    ],
    "spawn_yaw_deg": [
      0.0
    ],
    "start_x": [
      0.25
    ],
    "step_height": [
      0.15
    ],
    "tread_depth": [
      0.3
    ],
    "step_count": [
      8.0
    ],
    "platform_length": [
      10.0
    ]
  },
  "goal_x": 2.65,
  "course_width": 4.0,
  "crossed_finish": true,
  "inside_course": true,
  "cleared_terrain": true,
  "cleared_stairs": true,
  "clearance_criterion": "all wheels beyond +X goal, inside width at final frame, no fall; bypass not checked",
  "steps_executed": 682,
  "final_mode": "policy",
  "transitions": [
    {
      "time": 0.0,
      "mode": "prone"
    },
    {
      "time": 0.26,
      "mode": "standing"
    },
    {
      "time": 5.28,
      "mode": "ready"
    },
    {
      "time": 5.82,
      "mode": "policy"
    }
  ],
  "max_x": 3.107146573951608,
  "final_x": 3.107146573951608,
  "final_z": 1.7708314096878581,
  "fell_in_policy": false,
  "critic_used": false
}
RESULT {"stop_reasons": ["all_wheels_crossed"], "fell_in_policy": false, "phase_duration_s": 5.8950000000000005, "force": {"contact_samples": 2932, "mean_n": 142.9491593361032, "p95_n": 297.7286538090246, "p99_n": 442.5139250764599, "max_n": 1472.0018258952043}, "mechanical_power_mean_w": 232.2281619493075, "front_support": {"samples": 105, "extension_min_m": 0.38333822834257425, "extension_p05_m": 0.3931561994190264, "knee_abs_max_deg": 90.66063069839869, "knee_abs_p95_deg": 87.32443226837178}, "front_swing": {"samples": 262, "extension_min_m": 0.24972884851347865, "extension_p05_m": 0.2679804592176319, "knee_abs_max_deg": 134.43563095410312, "knee_abs_p95_deg": 128.69955676244174}, "descent_entry": {"first_front_down_s": null, "first_rear_down_s": null, "stable_rear_samples": 0, "rear_tilt_body_p95_deg": null, "rear_tilt_yaw_p95_deg": null, "rear_forward_body_max_m": null, "pitch_min_deg": null, "rear_fold": {"samples": 0, "extension_min_m": null, "extension_p05_m": null, "knee_abs_max_deg": null, "knee_abs_p95_deg": null}}}
