[TERRAIN] {"terrain": "ascent", "terrain_xml": "/home/ubuntu/cyq_shixi_projects/rl_training/deploy/deploy_mujoco/terrains/stairs_ascent.xml", "terrain_parameters": {"width": [4.0], "friction": [1.0, 0.01, 0.01], "spawn_xy": [-1.0, 0.0], "spawn_yaw_deg": [0.0], "start_x": [0.25], "step_height": [0.15], "tread_depth": [0.3], "step_count": [8.0], "platform_length": [10.0]}, "goal_x": 2.65, "course_width": 4.0}
[KEYS] Z stand | C teacher policy | X lie down | R damping | H height scan | Esc quit
[HEIGHTMAP] 187 points: green=local ground, red=higher, blue=lower
[KEYS] W/S forward/back | A/D left/right | Q/E turn left/right
[KEYS] Input: MuJoCo window or focused terminal
[KEYS] Window motion: hold/release state (X11)
[MODE] prone
step=0000 mode=prone t=0.02s x=-1.000 z=0.199 cmd=[0.0, 0.0, 0.0]
[MODE] standing t=0.26s
[MODE] ready t=5.28s
[MODE] policy t=5.82s
step=0400 mode=policy t=8.02s x=-0.214 z=0.590 cmd=[0.5, 0.0, 0.0]
{
  "checkpoint": "/home/ubuntu/cyq_shixi_projects/rl_training/.scratch/gait_quality_20261007/latest.pt",
  "model": "/home/ubuntu/\u684c\u9762/m20_1/M20_perception_Lidar_rl_2/M20_perception_Lidar_rl/deep_robotics_model/M20/mjcf/M20.xml",
  "terrain": "ascent",
  "terrain_xml": "/home/ubuntu/cyq_shixi_projects/rl_training/deploy/deploy_mujoco/terrains/stairs_ascent.xml",
  "terrain_parameters": {
    "width": [
      4.0
    ],
    "friction": [
      1.0,
      0.01,
      0.01
    ],
    "spawn_xy": [
      -1.0,
      0.0
    ],
    "spawn_yaw_deg": [
      0.0
    ],
    "start_x": [
      0.25
    ],
    "step_height": [
      0.15
    ],
    "tread_depth": [
      0.3
    ],
    "step_count": [
      8.0
    ],
    "platform_length": [
      10.0
    ]
  },
  "goal_x": 2.65,
  "course_width": 4.0,
  "crossed_finish": true,
  "inside_course": true,
  "cleared_terrain": true,
  "cleared_stairs": true,
  "clearance_criterion": "all wheels beyond +X goal, inside width at final frame, no fall; bypass not checked",
  "steps_executed": 723,
  "final_mode": "policy",
  "transitions": [
    {
      "time": 0.0,
      "mode": "prone"
    },
    {
      "time": 0.26,
      "mode": "standing"
    },
    {
      "time": 5.28,
      "mode": "ready"
    },
    {
      "time": 5.82,
      "mode": "policy"
    }
  ],
  "max_x": 3.1247907181999692,
  "final_x": 3.1247907181999692,
  "final_z": 1.7686163687727128,
  "fell_in_policy": false,
  "critic_used": false
}
Traceback (most recent call last):
  File "/home/ubuntu/cyq_shixi_projects/rl_training/.scratch/gait_quality_20261007/measure.py", line 132, in <module>
    static_wheel_force_mean_n=float(np.mean(static_force)),robot_weight_n=float(model.body_mass.sum()*9.81),nonwheel_collisions=collision,
                                                                                ^^^^^
NameError: name 'model' is not defined
