{
  "scope": "real MuJoCo trajectory, counterfactual production ledger, adapter contact times differ from Isaac",
  "gain_total": 7.621775910258293,
  "gain_loaded": 0.0,
  "metrics": {
    "up_attempts": 20.0,
    "up_successes": 10.0,
    "up_success_rate": 0.5,
    "up_rear_successes": 3.0,
    "up_front_violations": 10.0,
    "up_rear_violations": 13.0,
    "up_front_same_tread_events": 8.0,
    "up_front_same_tread_dwell_s": 0.0,
    "up_rear_same_tread_events": 10.0,
    "up_rear_same_tread_dwell_s": 0.0,
    "up_targets_started": 21.0,
    "up_lift_credit": 10.557631492614746,
    "up_retries": 13.0,
    "up_abandoned_targets": 0.0,
    "up_retreat_fraction": 0.11743772029876709,
    "up_stationary_fraction": 0.014234875328838825,
    "down_attempts": 0.0,
    "down_successes": 0.0,
    "down_success_rate": 0.0,
    "forward_gate_fraction": 0.8787878751754761,
    "nearby_gate_fraction": 0.8878787755966187,
    "registered_risers": 36.0,
    "up_whole_body_crossings": 12.0,
    "up_whole_body_crossing_coverage": 0.3333333432674408,
    "up_front_registered_intermediate_risers": 31.0,
    "up_front_landing_coverage": 0.5555555820465088,
    "up_front_strict_coverage": 0.06451612710952759,
    "up_front_physical_landings": 20.0,
    "up_front_transition_successes": 1.0,
    "up_front_transition_per_landing": 0.05000000074505806,
    "up_front_skipped_riser_events": 5.0,
    "up_front_unsafe_events": 7.0,
    "up_front_skip_fraction": 0.25,
    "up_front_visited_intermediate_risers": 20.0,
    "up_front_same_tread_fraction": 0.4000000059604645,
    "up_front_longest_strict_run": 1.0,
    "up_front_six_step_strict_fraction": 0.0,
    "fl_stable_treads": 14.0,
    "fr_stable_treads": 14.0,
    "up_rear_registered_intermediate_risers": 31.0,
    "up_rear_landing_coverage": 0.4444444477558136,
    "up_rear_strict_coverage": 0.0,
    "up_rear_physical_landings": 16.0,
    "up_rear_transition_successes": 0.0,
    "up_rear_transition_per_landing": 0.0,
    "up_rear_skipped_riser_events": 4.0,
    "up_rear_unsafe_events": 8.0,
    "up_rear_skip_fraction": 0.25,
    "up_rear_visited_intermediate_risers": 16.0,
    "up_rear_same_tread_fraction": 0.625,
    "up_rear_longest_strict_run": 0.0,
    "up_rear_six_step_strict_fraction": 0.0,
    "hl_stable_treads": 13.0,
    "hr_stable_treads": 13.0,
    "up_rear_lift_credit": 7.621776103973389,
    "up_rear_prep_blocked_gain": 11.204326629638672,
    "up_rear_recovery_events": 0.0,
    "up_rear_style_refund": 0.0,
    "up_rear_recovery_per_landing": 0.0
  }
}
