[TERRAIN] {"terrain": "ascent", "terrain_xml": "/home/ubuntu/cyq_shixi_projects/rl_training/deploy/deploy_mujoco/terrains/stairs_ascent.xml", "terrain_parameters": {"width": [4.0], "friction": [1.0, 0.01, 0.01], "spawn_xy": [-1.0, 0.0], "spawn_yaw_deg": [0.0], "start_x": [0.25], "step_height": [0.15], "tread_depth": [0.2], "step_count": [20.0], "platform_length": [10.0]}, "goal_x": 4.25, "course_width": 4.0}
[KEYS] Z stand | C teacher policy | X lie down | R damping | H height scan | Esc quit
[HEIGHTMAP] 187 points: green=local ground, red=higher, blue=lower
[KEYS] W/S forward/back | A/D left/right | Q/E turn left/right
[KEYS] Input: MuJoCo window or focused terminal
[KEYS] Window motion: hold/release state (X11)
[MODE] prone
step=0000 mode=prone t=0.02s x=-1.000 z=0.199 cmd=[0.0, 0.0, 0.0]
[MODE] standing t=0.26s
step=0250 mode=standing t=5.02s x=-1.001 z=0.532 cmd=[0.0, 0.0, 0.0]
[MODE] ready t=5.28s
[MODE] policy t=5.82s
CAPTURE {"case": "up", "leg": "fl", "time_s": 7.739999999999857, "checkpoint": "model_196600.pt", "physical_closed_loop": true, "phase_tag": "first_support", "terrain": {"terrain": "ascent", "terrain_xml": "/home/ubuntu/cyq_shixi_projects/rl_training/deploy/deploy_mujoco/terrains/stairs_ascent.xml", "terrain_parameters": {"width": [4.0], "friction": [1.0, 0.01, 0.01], "spawn_xy": [-1.0, 0.0], "spawn_yaw_deg": [0.0], "start_x": [0.25], "step_height": [0.15], "tread_depth": [0.2], "step_count": [20.0], "platform_length": [10.0]}, "goal_x": 4.25, "course_width": 4.0}, "command_x": 0.7, "H_hip_joint_world": [0.13164167657565867, 0.12041195622579123, 0.6075683274679418], "K_knee_joint_world": [0.10498429419881017, 0.22389355277011563, 0.36106578561197594], "W_wheel_center_world": [0.32184113839383366, 0.29071516506491224, 0.2403628186554872], "knee_q_signed_deg": 66.4063758799365, "knee_inner_hinge_plane_deg": 113.5936241200635, "knee_inner_3d_deg": 116.57027252392392, "whole_leg_forward_tilt_body_deg": 23.272310855404662, "whole_leg_forward_tilt_gravity_deg": 27.764780222498988, "thigh_forward_tilt_body_deg": -10.061370314821062, "body_pitch_positive_nose_down_deg": -4.381604512806329}
CAPTURE {"case": "up", "leg": "fl", "time_s": 8.139999999999873, "checkpoint": "model_196600.pt", "physical_closed_loop": true, "phase_tag": "later_swing", "terrain": {"terrain": "ascent", "terrain_xml": "/home/ubuntu/cyq_shixi_projects/rl_training/deploy/deploy_mujoco/terrains/stairs_ascent.xml", "terrain_parameters": {"width": [4.0], "friction": [1.0, 0.01, 0.01], "spawn_xy": [-1.0, 0.0], "spawn_yaw_deg": [0.0], "start_x": [0.25], "step_height": [0.15], "tread_depth": [0.2], "step_count": [20.0], "platform_length": [10.0]}, "goal_x": 4.25, "course_width": 4.0}, "command_x": 0.7, "H_hip_joint_world": [0.434695371856905, 0.12071278322389457, 0.7014870220640081], "K_knee_joint_world": [0.4917508756239503, 0.25028904867858326, 0.4731512585036215], "W_wheel_center_world": [0.659448659289891, 0.28795993799805747, 0.6642522329318314], "knee_q_signed_deg": 124.11996692581113, "knee_inner_hinge_plane_deg": 55.88003307418886, "knee_inner_3d_deg": 64.99786712669076, "whole_leg_forward_tilt_body_deg": 68.88325267757216, "whole_leg_forward_tilt_gravity_deg": 80.53054290954161, "thigh_forward_tilt_body_deg": 3.8433523115542667, "body_pitch_positive_nose_down_deg": -9.81528544706116}
CAPTURE {"case": "up", "leg": "fl", "time_s": 8.159999999999876, "checkpoint": "model_196600.pt", "physical_closed_loop": true, "phase_tag": "high_swing", "terrain": {"terrain": "ascent", "terrain_xml": "/home/ubuntu/cyq_shixi_projects/rl_training/deploy/deploy_mujoco/terrains/stairs_ascent.xml", "terrain_parameters": {"width": [4.0], "friction": [1.0, 0.01, 0.01], "spawn_xy": [-1.0, 0.0], "spawn_yaw_deg": [0.0], "start_x": [0.25], "step_height": [0.15], "tread_depth": [0.2], "step_count": [20.0], "platform_length": [10.0]}, "goal_x": 4.25, "course_width": 4.0}, "command_x": 0.7, "H_hip_joint_world": [0.447336077568583, 0.12060876327775608, 0.7103239760048069], "K_knee_joint_world": [0.5087142439460146, 0.2504535929557407, 0.4832653912782224], "W_wheel_center_world": [0.6725390421400137, 0.2876118930677675, 0.677795392063397], "knee_q_signed_deg": 124.23496059476393, "knee_inner_hinge_plane_deg": 55.76503940523608, "knee_inner_3d_deg": 64.902822333197, "whole_leg_forward_tilt_body_deg": 69.16969919327342, "whole_leg_forward_tilt_gravity_deg": 81.72191322423669, "thigh_forward_tilt_body_deg": 4.155373102073136, "body_pitch_positive_nose_down_deg": -10.563870670647523}
CAPTURE {"case": "up", "leg": "fl", "time_s": 8.419999999999916, "checkpoint": "model_196600.pt", "physical_closed_loop": true, "phase_tag": "high_swing", "terrain": {"terrain": "ascent", "terrain_xml": "/home/ubuntu/cyq_shixi_projects/rl_training/deploy/deploy_mujoco/terrains/stairs_ascent.xml", "terrain_parameters": {"width": [4.0], "friction": [1.0, 0.01, 0.01], "spawn_xy": [-1.0, 0.0], "spawn_yaw_deg": [0.0], "start_x": [0.25], "step_height": [0.15], "tread_depth": [0.2], "step_count": [20.0], "platform_length": [10.0]}, "goal_x": 4.25, "course_width": 4.0}, "command_x": 0.7, "H_hip_joint_world": [0.6066380259024751, 0.14112876362253512, 0.7720456385361919], "K_knee_joint_world": [0.49935158482059233, 0.23457909712869007, 0.5441438730152283], "W_wheel_center_world": [0.7354057376224419, 0.29536775704916474, 0.6256570667084832], "knee_q_signed_deg": 134.87002821908484, "knee_inner_hinge_plane_deg": 45.129971780915156, "knee_inner_3d_deg": 56.39229300360618, "whole_leg_forward_tilt_body_deg": 25.11165766895052, "whole_leg_forward_tilt_gravity_deg": 41.4807339945584, "thigh_forward_tilt_body_deg": -44.903877803601375, "body_pitch_positive_nose_down_deg": -18.24570308514303}
CAPTURE {"case": "up", "leg": "fl", "time_s": 8.679999999999957, "checkpoint": "model_196600.pt", "physical_closed_loop": true, "phase_tag": "high_swing", "terrain": {"terrain": "ascent", "terrain_xml": "/home/ubuntu/cyq_shixi_projects/rl_training/deploy/deploy_mujoco/terrains/stairs_ascent.xml", "terrain_parameters": {"width": [4.0], "friction": [1.0, 0.01, 0.01], "spawn_xy": [-1.0, 0.0], "spawn_yaw_deg": [0.0], "start_x": [0.25], "step_height": [0.15], "tread_depth": [0.2], "step_count": [20.0], "platform_length": [10.0]}, "goal_x": 4.25, "course_width": 4.0}, "command_x": 0.7, "H_hip_joint_world": [0.7223476733269699, 0.1250585555962208, 0.9094096291180537], "K_knee_joint_world": [0.7371920019057084, 0.2268882848701229, 0.6612304354997117], "W_wheel_center_world": [0.8626379635689134, 0.2815482759206184, 0.8788007024406559], "knee_q_signed_deg": 147.03948870265222, "knee_inner_hinge_plane_deg": 32.96051129734779, "knee_inner_3d_deg": 47.59449679641923, "whole_leg_forward_tilt_body_deg": 48.35694743439077, "whole_leg_forward_tilt_gravity_deg": 77.37426483044342, "thigh_forward_tilt_body_deg": -26.840522168637293, "body_pitch_positive_nose_down_deg": -29.59554481897995}
CAPTURE {"case": "up", "leg": "fl", "time_s": 8.96, "checkpoint": "model_196600.pt", "physical_closed_loop": true, "phase_tag": "high_swing", "terrain": {"terrain": "ascent", "terrain_xml": "/home/ubuntu/cyq_shixi_projects/rl_training/deploy/deploy_mujoco/terrains/stairs_ascent.xml", "terrain_parameters": {"width": [4.0], "friction": [1.0, 0.01, 0.01], "spawn_xy": [-1.0, 0.0], "spawn_yaw_deg": [0.0], "start_x": [0.25], "step_height": [0.15], "tread_depth": [0.2], "step_count": [20.0], "platform_length": [10.0]}, "goal_x": 4.25, "course_width": 4.0}, "command_x": 0.7, "H_hip_joint_world": [0.8682707471390623, 0.15334261301714758, 1.0097915104744897], "K_knee_joint_world": [0.8296720403821976, 0.26300898087208335, 0.7675808839565695], "W_wheel_center_world": [0.9625401548876187, 0.3236307257918838, 0.9790809860053697], "knee_q_signed_deg": 152.7830341407047, "knee_inner_hinge_plane_deg": 27.216965859295296, "knee_inner_3d_deg": 43.95867799469495, "whole_leg_forward_tilt_body_deg": 49.87288016078635, "whole_leg_forward_tilt_gravity_deg": 73.7969080426861, "thigh_forward_tilt_body_deg": -35.08711534762521, "body_pitch_positive_nose_down_deg": -27.04323875105696}
step=0500 mode=policy t=10.02s x=1.078 z=1.220 cmd=[0.699999988079071, 0.0, 0.0]
CAPTURE {"case": "up", "leg": "fr", "time_s": 10.080000000000176, "checkpoint": "model_196600.pt", "physical_closed_loop": true, "phase_tag": "high_swing", "terrain": {"terrain": "ascent", "terrain_xml": "/home/ubuntu/cyq_shixi_projects/rl_training/deploy/deploy_mujoco/terrains/stairs_ascent.xml", "terrain_parameters": {"width": [4.0], "friction": [1.0, 0.01, 0.01], "spawn_xy": [-1.0, 0.0], "spawn_yaw_deg": [0.0], "start_x": [0.25], "step_height": [0.15], "tread_depth": [0.2], "step_count": [20.0], "platform_length": [10.0]}, "goal_x": 4.25, "course_width": 4.0}, "command_x": 0.7, "H_hip_joint_world": [1.3901145215456971, 0.13117549785234767, 1.3629639898077373], "K_knee_joint_world": [1.338498113584914, -0.005860525137085626, 1.137709833725179], "W_wheel_center_world": [1.4934791360580797, -0.020999691460330178, 1.34219189477751], "knee_q_signed_deg": 157.777188659283, "knee_inner_hinge_plane_deg": 22.222811340716973, "knee_inner_3d_deg": 41.16464859838818, "whole_leg_forward_tilt_body_deg": 44.40294423542558, "whole_leg_forward_tilt_gravity_deg": 74.98904565898934, "thigh_forward_tilt_body_deg": -37.039340529881606, "body_pitch_positive_nose_down_deg": -21.03556926108275}
step=0750 mode=policy t=15.02s x=3.657 z=3.125 cmd=[0.699999988079071, 0.0, 0.0]
CAPTURE {"case": "up", "leg": "fl", "time_s": 15.940000000001092, "checkpoint": "model_196600.pt", "physical_closed_loop": true, "phase_tag": "middle_support", "terrain": {"terrain": "ascent", "terrain_xml": "/home/ubuntu/cyq_shixi_projects/rl_training/deploy/deploy_mujoco/terrains/stairs_ascent.xml", "terrain_parameters": {"width": [4.0], "friction": [1.0, 0.01, 0.01], "spawn_xy": [-1.0, 0.0], "spawn_yaw_deg": [0.0], "start_x": [0.25], "step_height": [0.15], "tread_depth": [0.2], "step_count": [20.0], "platform_length": [10.0]}, "goal_x": 4.25, "course_width": 4.0}, "command_x": 0.7, "H_hip_joint_world": [4.439253270946311, 1.0672582144499607, 3.4700046892554983], "K_knee_joint_world": [4.403324781852768, 1.105705164007742, 3.2065402025762557], "W_wheel_center_world": [4.62385266997116, 1.1738350720068393, 3.09346062363259], "knee_q_signed_deg": 72.67065630651335, "knee_inner_hinge_plane_deg": 107.32934369348676, "knee_inner_3d_deg": 110.77072709886026, "whole_leg_forward_tilt_body_deg": 17.014911003002666, "whole_leg_forward_tilt_gravity_deg": 28.107491558039033, "thigh_forward_tilt_body_deg": -18.04648669430537, "body_pitch_positive_nose_down_deg": -11.500681272943492}
{
  "checkpoint": "/home/ubuntu/cyq_shixi_projects/rl_training/.scratch/gait_quality_20261007/latest.pt",
  "model": "/home/ubuntu/\u684c\u9762/m20_1/M20_perception_Lidar_rl_2/M20_perception_Lidar_rl/deep_robotics_model/M20/mjcf/M20.xml",
  "terrain": "ascent",
  "terrain_xml": "/home/ubuntu/cyq_shixi_projects/rl_training/deploy/deploy_mujoco/terrains/stairs_ascent.xml",
  "terrain_parameters": {
    "width": [
      4.0
    ],
    "friction": [
      1.0,
      0.01,
      0.01
    ],
    "spawn_xy": [
      -1.0,
      0.0
    ],
    "spawn_yaw_deg": [
      0.0
    ],
    "start_x": [
      0.25
    ],
    "step_height": [
      0.15
    ],
    "tread_depth": [
      0.2
    ],
    "step_count": [
      20.0
    ],
    "platform_length": [
      10.0
    ]
  },
  "goal_x": 4.25,
  "course_width": 4.0,
  "crossed_finish": true,
  "inside_course": true,
  "cleared_terrain": true,
  "cleared_stairs": true,
  "clearance_criterion": "all wheels beyond +X goal, inside width at final frame, no fall; bypass not checked",
  "steps_executed": 837,
  "final_mode": "policy",
  "transitions": [
    {
      "time": 0.0,
      "mode": "prone"
    },
    {
      "time": 0.26,
      "mode": "standing"
    },
    {
      "time": 5.28,
      "mode": "ready"
    },
    {
      "time": 5.82,
      "mode": "policy"
    }
  ],
  "max_x": 4.703821789104316,
  "final_x": 4.703821789104316,
  "final_z": 3.568503951302361,
  "fell_in_policy": false,
  "critic_used": false
}
SUMMARY {"checkpoint": "/home/ubuntu/cyq_shixi_projects/rl_training/.scratch/gait_quality_20261007/latest.pt", "model": "/home/ubuntu/\u684c\u9762/m20_1/M20_perception_Lidar_rl_2/M20_perception_Lidar_rl/deep_robotics_model/M20/mjcf/M20.xml", "terrain": "ascent", "terrain_xml": "/home/ubuntu/cyq_shixi_projects/rl_training/deploy/deploy_mujoco/terrains/stairs_ascent.xml", "terrain_parameters": {"width": [4.0], "friction": [1.0, 0.01, 0.01], "spawn_xy": [-1.0, 0.0], "spawn_yaw_deg": [0.0], "start_x": [0.25], "step_height": [0.15], "tread_depth": [0.2], "step_count": [20.0], "platform_length": [10.0]}, "goal_x": 4.25, "course_width": 4.0, "crossed_finish": true, "inside_course": true, "cleared_terrain": true, "cleared_stairs": true, "clearance_criterion": "all wheels beyond +X goal, inside width at final frame, no fall; bypass not checked", "steps_executed": 837, "final_mode": "policy", "transitions": [{"time": 0.0, "mode": "prone"}, {"time": 0.26, "mode": "standing"}, {"time": 5.28, "mode": "ready"}, {"time": 5.82, "mode": "policy"}], "max_x": 4.703821789104316, "final_x": 4.703821789104316, "final_z": 3.568503951302361, "fell_in_policy": false, "critic_used": false, "stop_reason": "all_wheels_completed", "terrain_source_sha256": "570d86ca57989a56a57ce70975ec65dbf8dfdcbc2e9cc7dba37ad32a0f4fea07", "checkpoint_sha256": "765228e6499dd8af9fd3eb7d41d8289072b4478ad20e19ce95b23ab8f7862fe8", "command_x": 0.7, "terrain_cli_overrides": null, "screenshots": ["first_support", "high_swing", "later_swing", "middle_support"], "support_stats": {"count": 39, "knee_q_p95_deg": 98.81941873976928, "knee_q_max_deg": 99.16135645994625, "knee_inner_min_deg": 80.83864354005375}, "swing_stats": {"count": 557, "knee_q_p95_deg": 157.7734642907911, "knee_q_max_deg": 159.39497623945982, "knee_inner_min_deg": 20.605023760540178}}
