[TERRAIN] {"terrain": "ascent", "terrain_xml": "/home/ubuntu/cyq_shixi_projects/rl_training/deploy/deploy_mujoco/terrains/stairs_ascent.xml", "terrain_parameters": {"width": [4.0], "friction": [1.0, 0.01, 0.01], "spawn_xy": [-1.0, 0.0], "spawn_yaw_deg": [0.0], "start_x": [0.25], "step_height": [0.15], "tread_depth": [0.2], "step_count": [20.0], "platform_length": [10.0]}, "goal_x": 4.25, "course_width": 4.0}
[KEYS] Z stand | C teacher policy | X lie down | R damping | H height scan | Esc quit
[HEIGHTMAP] 187 points: green=local ground, red=higher, blue=lower
[KEYS] W/S forward/back | A/D left/right | Q/E turn left/right
[KEYS] Input: MuJoCo window
[KEYS] Window motion: hold/release state (X11)
[MODE] prone
step=0000 mode=prone t=0.02s x=-1.000 z=0.199 cmd=[0.0, 0.0, 0.0]
[MODE] standing t=0.26s
step=0250 mode=standing t=5.02s x=-1.001 z=0.532 cmd=[0.0, 0.0, 0.0]
[MODE] ready t=5.28s
[MODE] policy t=5.82s
Traceback (most recent call last):
  File "/home/ubuntu/cyq_shixi_projects/rl_training/.scratch/gait_review_149999_20261006/interactive_measure.py", line 157, in <module>
    result = deploy.interactive_rollout(args)
             ^^^^^^^^^^^^^^^^^^^^^^^^^^^^^^^^
  File "/home/ubuntu/cyq_shixi_projects/rl_training/deploy/deploy_mujoco/deploy_mujoco.py", line 602, in interactive_rollout
    mujoco.mj_step(model, data)
  File "/home/ubuntu/cyq_shixi_projects/rl_training/.scratch/gait_review_149999_20261006/interactive_measure.py", line 123, in measured_step
    writer.append_data(render_frame(data))
                       ^^^^^^^^^^^^^^^^^^
  File "/home/ubuntu/cyq_shixi_projects/rl_training/.scratch/gait_review_149999_20261006/interactive_measure.py", line 73, in render_frame
    renderer = mujoco.Renderer(active.model, width=768, height=512)
               ^^^^^^^^^^^^^^^^^^^^^^^^^^^^^^^^^^^^^^^^^^^^^^^^^^^^
  File "/home/ubuntu/miniconda3/envs/m20_wzh/lib/python3.11/site-packages/mujoco/rendering/classic/renderer.py", line 60, in __init__
    raise ValueError(f"""
ValueError: Image width 768 > framebuffer width 640. Either reduce the image
width or specify a larger offscreen framebuffer in the model XML using the
clause:
<visual>
  <global offwidth="my_width"/>
</visual>
Xlib:  extension "NV-GLX" missing on display ":1".
