[TERRAIN] {"terrain": "ascent", "terrain_xml": "/home/ubuntu/cyq_shixi_projects/rl_training/deploy/deploy_mujoco/terrains/stairs_ascent.xml", "terrain_parameters": {"width": [4.0], "friction": [1.0, 0.01, 0.01], "spawn_xy": [-1.0, 0.0], "spawn_yaw_deg": [0.0], "start_x": [0.25], "step_height": [0.15], "tread_depth": [0.2], "step_count": [20.0], "platform_length": [10.0]}, "goal_x": 4.25, "course_width": 4.0}
[KEYS] Z stand | C teacher policy | X lie down | R damping | H height scan | Esc quit
[HEIGHTMAP] 187 points: green=local ground, red=higher, blue=lower
[KEYS] W/S forward/back | A/D left/right | Q/E turn left/right
[KEYS] Input: MuJoCo window
[KEYS] Window motion: hold/release state (X11)
[MODE] prone
step=0000 mode=prone t=0.02s x=-1.000 z=0.199 cmd=[0.0, 0.0, 0.0]
[MODE] standing t=0.26s
step=0250 mode=standing t=5.02s x=-1.001 z=0.532 cmd=[0.0, 0.0, 0.0]
[MODE] ready t=5.28s
[MODE] policy t=5.82s
step=0500 mode=policy t=10.02s x=1.061 z=1.214 cmd=[0.699999988079071, 0.0, 0.0]
step=0750 mode=policy t=15.02s x=0.814 z=0.654 cmd=[0.699999988079071, 0.0, 0.0]
[MODE] policy fall detected; stopping
{
  "checkpoint": "/home/ubuntu/cyq_shixi_projects/rl_training/logs/rsl_rl/deeprobotics_m20_stair_teacher/2026-10-03_15-12-45_gait_resume/model_149999.pt",
  "model": "/home/ubuntu/\u684c\u9762/m20_1/M20_perception_Lidar_rl_2/M20_perception_Lidar_rl/deep_robotics_model/M20/mjcf/M20.xml",
  "terrain": "ascent",
  "terrain_xml": "/home/ubuntu/cyq_shixi_projects/rl_training/deploy/deploy_mujoco/terrains/stairs_ascent.xml",
  "terrain_parameters": {
    "width": [
      4.0
    ],
    "friction": [
      1.0,
      0.01,
      0.01
    ],
    "spawn_xy": [
      -1.0,
      0.0
    ],
    "spawn_yaw_deg": [
      0.0
    ],
    "start_x": [
      0.25
    ],
    "step_height": [
      0.15
    ],
    "tread_depth": [
      0.2
    ],
    "step_count": [
      20.0
    ],
    "platform_length": [
      10.0
    ]
  },
  "goal_x": 4.25,
  "course_width": 4.0,
  "crossed_finish": false,
  "inside_course": false,
  "cleared_terrain": false,
  "cleared_stairs": false,
  "clearance_criterion": "all wheels beyond +X goal, inside width at final frame, no fall; bypass not checked",
  "steps_executed": 819,
  "final_mode": "policy",
  "transitions": [
    {
      "time": 0.0,
      "mode": "prone"
    },
    {
      "time": 0.26,
      "mode": "standing"
    },
    {
      "time": 5.28,
      "mode": "ready"
    },
    {
      "time": 5.82,
      "mode": "policy"
    }
  ],
  "max_x": 2.2686432389444278,
  "final_x": -0.5693742529742013,
  "final_z": 0.2174963975061675,
  "fell_in_policy": true,
  "critic_used": false,
  "trajectory": "/home/ubuntu/cyq_shixi_projects/rl_training/.scratch/gait_review_149999_20261006/interactive_07/basic.npz"
}
[GAIT] {"sample_count": 528, "metrics_valid": true, "scope": "+X ascent alternation uses XML step labels; top platform excluded; no route-bypass proof", "rear_extension_min_m": 0.17342720417690935, "rear_supported_extension_p05_m": 0.444314296415377, "rear_supported_knee_abs_p95_rad": 1.1884952841876926, "rear_compressed_support_fraction": 0.0, "compression_threshold_m": 0.3, "turn_clearance_p95_m": null, "turn_reach_p95_m": null, "turn_steps": 0, "front_same_tread_events": 0, "turn_yaw_error_mean_rad_s": null, "translation_velocity_error_mean_m_s": 0.7349447999238626, "rear_same_tread_events": 1, "front_alternation_rate": 0.36363636363636365, "rear_alternation_rate": 0.0, "alternation_checks": [11, 8], "mean_absolute_mechanical_power_w": 1629.5717706613968, "absolute_mechanical_energy_j": 17208.27789818435, "vertical_support_impulse_ns": [545.6620936995886, 586.1256945292561, 1263.0334671024557, 859.725742881799]}
