{
  "correct_yaw0.000_vy0.0": 0.0,
  "correct_yaw0.000_vy0.2": 0.0,
  "correct_yaw0.000_vy-0.2": 0.0,
  "correct_yaw1.571_vy0.0": 0.0,
  "correct_yaw1.571_vy0.2": 0.0,
  "correct_yaw1.571_vy-0.2": 0.0,
  "correct_yaw-1.047_vy0.0": 0.0,
  "correct_yaw-1.047_vy0.2": 0.0,
  "correct_yaw-1.047_vy-0.2": 0.0,
  "drift_sign-1": 0.963220477104187,
  "co_rotated_body_sign-1": 2.0077972412109375,
  "drift_sign1": 0.963220477104187,
  "co_rotated_body_sign1": 2.0077972412109375,
  "curved_speed0.5_peak": 0.0,
  "curved_speed0.2_peak": 0.0,
  "flat": 0.0,
  "descent": 0.0,
  "standing": 0.0,
  "pure_yaw": 0.0,
  "reverse": 0.0,
  "turn_away_scan_not_free": 2.4232397079467773,
  "cache_preserves_error": true,
  "reset_cost": 0.0,
  "top_platform_inactive": true,
  "next_flight_restarts": true,
  "new_side_command_error": 0.0,
  "after_commanded_turn": 0.0,
  "offset_monotonic_costs": [
    0.0,
    0.0,
    0.14835184812545776,
    0.8775004744529724,
    3.0767996311187744
  ],
  "extreme_cost": 11.00874137878418,
  "metrics": {
    "samples": 2.0,
    "lateral_error_mean_m": 50.0,
    "lateral_error_max_m": 100.0,
    "lateral_speed_mean_m_s": 50.0,
    "heading_error_mean_deg": 57.2957763671875,
    "outside_tolerance_fraction": 0.5,
    "cost_mean": 5.50437068939209,
    "activation_fraction": 1.0,
    "large_error_fraction": 0.5
  },
  "reward_and_metric_binding": true,
  "task_preservation_weights_retained": true
}
