Loading user config located at: '/home/ubuntu/miniconda3/envs/m20_wzh/lib/python3.11/site-packages/isaacsim/kit/data/Kit/Isaac-Sim/5.1/user.config.json'
[Info] [carb] Logging to file: /home/ubuntu/miniconda3/envs/m20_wzh/lib/python3.11/site-packages/isaacsim/kit/logs/Kit/Isaac-Sim/5.1/kit_20261009_010232.log
2026-10-08T17:02:32Z [65ms] [Warning] [omni.usd_config.extension] Enable omni.materialx.libs extension to use MaterialX
2026-10-08T17:02:33Z [265ms] [Error] [omni.platforminfo.plugin] failed to find the package that core 1 belongs to.
2026-10-08T17:02:33Z [265ms] [Error] [omni.platforminfo.plugin] failed to find the package that core 2 belongs to.
2026-10-08T17:02:33Z [265ms] [Error] [omni.platforminfo.plugin] failed to find the package that core 3 belongs to.
2026-10-08T17:02:33Z [265ms] [Error] [omni.platforminfo.plugin] failed to find the package that core 4 belongs to.
2026-10-08T17:02:33Z [265ms] [Error] [omni.platforminfo.plugin] failed to find the package that core 5 belongs to.
2026-10-08T17:02:33Z [265ms] [Error] [omni.platforminfo.plugin] failed to find the package that core 6 belongs to.
2026-10-08T17:02:33Z [265ms] [Error] [omni.platforminfo.plugin] failed to find the package that core 7 belongs to.
2026-10-08T17:02:33Z [265ms] [Error] [omni.platforminfo.plugin] failed to find the package that core 8 belongs to.
2026-10-08T17:02:33Z [265ms] [Error] [omni.platforminfo.plugin] failed to find the package that core 9 belongs to.
2026-10-08T17:02:33Z [265ms] [Error] [omni.platforminfo.plugin] failed to find the package that core 10 belongs to.
2026-10-08T17:02:33Z [265ms] [Error] [omni.platforminfo.plugin] failed to find the package that core 11 belongs to.
2026-10-08T17:02:33Z [265ms] [Error] [omni.platforminfo.plugin] failed to find the package that core 12 belongs to.
2026-10-08T17:02:33Z [265ms] [Error] [omni.platforminfo.plugin] failed to find the package that core 13 belongs to.
2026-10-08T17:02:33Z [265ms] [Error] [omni.platforminfo.plugin] failed to find the package that core 14 belongs to.
2026-10-08T17:02:33Z [265ms] [Error] [omni.platforminfo.plugin] failed to find the package that core 15 belongs to.
2026-10-08T17:02:33Z [265ms] [Error] [omni.platforminfo.plugin] failed to find the package that core 16 belongs to.
2026-10-08T17:02:33Z [265ms] [Error] [omni.platforminfo.plugin] failed to find the package that core 17 belongs to.
2026-10-08T17:02:33Z [265ms] [Error] [omni.platforminfo.plugin] failed to find the package that core 18 belongs to.
2026-10-08T17:02:33Z [265ms] [Error] [omni.platforminfo.plugin] failed to find the package that core 19 belongs to.
2026-10-08T17:02:33Z [265ms] [Error] [omni.platforminfo.plugin] failed to find the package that core 20 belongs to.
2026-10-08T17:02:33Z [265ms] [Error] [omni.platforminfo.plugin] failed to find the package that core 21 belongs to.
2026-10-08T17:02:33Z [265ms] [Error] [omni.platforminfo.plugin] failed to find the package that core 22 belongs to.
2026-10-08T17:02:33Z [265ms] [Error] [omni.platforminfo.plugin] failed to find the package that core 23 belongs to.
MESA: warning: Driver does not support the 0x7d67 PCI ID.
MESA: warning: Driver does not support the 0x7d67 PCI ID.
[INFO][AppLauncher]: Using device: cuda:0
[INFO][AppLauncher]: Loading experience file: /home/ubuntu/xyproject/m20_wzh/IsaacLab/apps/isaaclab.python.headless.kit
[INFO]: Parsing configuration from: rl_training.tasks.manager_based.locomotion.velocity.config.wheeled.deeprobotics_m20.stair_teacher_env_cfg:DeeproboticsM20StairTeacherEnvCfg
[INFO]: Parsing configuration from: rl_training.tasks.manager_based.locomotion.velocity.config.wheeled.deeprobotics_m20.agents.stair_teacher_ppo_cfg:DeeproboticsM20StairTeacherPPORunnerCfg
[INFO] Logging experiment in directory: /home/ubuntu/cyq_shixi_projects/rl_training/logs/rsl_rl/deeprobotics_m20_stair_teacher
Exact experiment name requested from command line: 2026-10-09_01-02-39

[36m======================================================================================[0m
[36m[1m[INFO][IsaacLab]: Logging to file: /tmp/isaaclab/logs/isaaclab_2026-10-09_01-02-39.log[0m
[36m======================================================================================[0m

[33m01:02:39 [simulation_context.py] WARNING: The `enable_external_forces_every_iteration` parameter in the PhysxCfg is set to False. If you are experiencing noisy velocities, consider enabling this flag. You may need to slightly increase the number of velocity iterations (setting it to 1 or 2 rather than 0), together with this flag, to improve the accuracy of velocity updates.[0m
[INFO]: Base environment:
	Environment device    : cuda:0
	Environment seed      : 42
	Physics step-size     : 0.005
	Rendering step-size   : 0.02
	Environment step-size : 0.02
[INFO] Generating terrains based on curriculum took : 0.756839 seconds
[INFO]: Time taken for scene creation : 1.043092 seconds
[INFO]: Scene manager:  <class InteractiveScene>
	Number of environments: 16
	Environment spacing   : 2.5
	Source prim name      : /World/envs/env_0
	Global prim paths     : ['/World/ground']
	Replicate physics     : True
[INFO]: Starting the simulation. This may take a few seconds. Please wait...
[INFO]: Time taken for simulation start : 0.570412 seconds
[INFO] Command Manager:  <CommandManager> contains 1 active terms.
+-----------------------------------------------------+
|                 Active Command Terms                |
+-------+---------------+-----------------------------+
| Index | Name          |             Type            |
+-------+---------------+-----------------------------+
|   0   | base_velocity | StairTeacherVelocityCommand |
+-------+---------------+-----------------------------+

[INFO] Event Manager:  <EventManager> contains 3 active terms.
+----------------------------------------+
| Active Event Terms in Mode: 'startup'  |
+-------+--------------------------------+
| Index | Name                           |
+-------+--------------------------------+
|   0   | randomize_rigid_body_material  |
|   1   | randomize_rigid_body_mass      |
|   2   | randomize_rigid_body_mass_base |
|   3   | randomize_rigid_body_inertia   |
|   4   | randomize_com_positions        |
+-------+--------------------------------+
+-----------------------------------------------+
|      Active Event Terms in Mode: 'reset'      |
+-------+---------------------------------------+
| Index | Name                                  |
+-------+---------------------------------------+
|   0   | randomize_apply_external_force_torque |
|   1   | randomize_reset_joints                |
|   2   | randomize_actuator_gains              |
|   3   | randomize_reset_base                  |
+-------+---------------------------------------+
+--------------------------------------------------------+
|         Active Event Terms in Mode: 'interval'         |
+-------+----------------------+-------------------------+
| Index | Name                 | Interval time range (s) |
+-------+----------------------+-------------------------+
|   0   | randomize_push_robot |       (10.0, 15.0)      |
+-------+----------------------+-------------------------+

[INFO] Recorder Manager:  <RecorderManager> contains 0 active terms.
+---------------------+
| Active Recorder Terms |
+-----------+---------+
|   Index   | Name    |
+-----------+---------+
+-----------+---------+

[INFO] Action Manager:  <ActionManager> contains 2 active terms.
+------------------------------------+
|  Active Action Terms (shape: 16)   |
+--------+-------------+-------------+
| Index  | Name        |   Dimension |
+--------+-------------+-------------+
|   0    | joint_pos   |          12 |
|   1    | joint_vel   |           4 |
+--------+-------------+-------------+

[INFO] Observation Manager: <ObservationManager> contains 2 groups.
+----------------------------------------------------------+
| Active Observation Terms in Group: 'policy' (shape: (244,)) |
+-----------+--------------------------------+-------------+
|   Index   | Name                           |    Shape    |
+-----------+--------------------------------+-------------+
|     0     | base_ang_vel                   |     (3,)    |
|     1     | projected_gravity              |     (3,)    |
|     2     | velocity_commands              |     (3,)    |
|     3     | joint_pos                      |    (16,)    |
|     4     | joint_vel                      |    (16,)    |
|     5     | actions                        |    (16,)    |
|     6     | height_scan                    |    (187,)   |
+-----------+--------------------------------+-------------+
+--------------------------------------------------------------+
| Active Observation Terms in Group: 'critic' (shape: (285,))  |
+---------+-----------------------------------------+----------+
|  Index  | Name                                    |  Shape   |
+---------+-----------------------------------------+----------+
|    0    | base_lin_vel                            |   (3,)   |
|    1    | base_ang_vel                            |   (3,)   |
|    2    | projected_gravity                       |   (3,)   |
|    3    | velocity_commands                       |   (3,)   |
|    4    | joint_pos                               |  (16,)   |
|    5    | joint_vel                               |  (16,)   |
|    6    | actions                                 |  (16,)   |
|    7    | height_scan                             |  (187,)  |
|    8    | joint_acceleration                      |  (16,)   |
|    9    | applied_torque                          |  (16,)   |
|    10   | wheel_contact_force_magnitude           |   (4,)   |
|    11   | material_friction                       |   (2,)   |
+---------+-----------------------------------------+----------+

[INFO] Termination Manager:  <TerminationManager> contains 3 active terms.
+------------------------------------------+
|         Active Termination Terms         |
+-------+-----------------------+----------+
| Index | Name                  | Time Out |
+-------+-----------------------+----------+
|   0   | time_out              |   True   |
|   1   | terrain_out_of_bounds |   True   |
|   2   | bad_orientation_2     |  False   |
+-------+-----------------------+----------+

[INFO] Reward Manager:  <RewardManager> contains 51 active terms.
+-----------------------------------------------------------+
|                    Active Reward Terms                    |
+-------+----------------------------------------+----------+
| Index | Name                                   |   Weight |
+-------+----------------------------------------+----------+
|   0   | lin_vel_z_l2                           |     -2.0 |
|   1   | ang_vel_xy_l2                          |    -0.02 |
|   2   | joint_torques_l2                       | -2.5e-05 |
|   3   | joint_acc_l2                           |   -2e-07 |
|   4   | hipx_joint_pos_penalty                 |     -3.0 |
|   5   | hipy_joint_pos_penalty                 |     -1.5 |
|   6   | knee_joint_pos_penalty                 |    -0.75 |
|   7   | joint_mirror                           |    -0.03 |
|   8   | action_rate_l2                         |    -0.01 |
|   9   | action_smooth_l2                       |   -0.025 |
|   10  | undesired_contacts                     |     -1.0 |
|   11  | contact_forces                         | -0.00015 |
|   12  | track_lin_vel_xy_exp                   |      5.0 |
|   13  | track_ang_vel_z_exp                    |      3.0 |
|   14  | feet_air_time_ang_z_M20                |     50.0 |
|   15  | feet_slide_ang_z_cmd                   |     -2.0 |
|   16  | stand_still                            |     -1.0 |
|   17  | rotation_gait_status                   |      1.0 |
|   18  | rotation_gait_symmetry                 |      2.0 |
|   19  | bad_orientation_penalty                |  -1000.0 |
|   20  | joint_acc_wheel_l2                     |   -1e-07 |
|   21  | stair_orientation_cost                 |     -1.0 |
|   22  | stair_forward_progress                 |      1.0 |
|   23  | stair_front_wheel_lift                 |      0.5 |
|   24  | stair_forward_motion_cost              |     -2.0 |
|   25  | stair_ascent_direction_cost            |     -1.0 |
|   26  | stair_front_wheel_touchdown            |     0.25 |
|   27  | stair_front_single_support             |      0.1 |
|   28  | stair_diagonal_support_symmetry        |     0.05 |
|   29  | stair_front_alternation                |     0.25 |
|   30  | stair_up_step_completion               |      3.0 |
|   31  | stair_up_task_crossing                 |      2.0 |
|   32  | stair_up_rear_step_completion          |      3.0 |
|   33  | stair_rear_wheel_lift                  |      0.5 |
|   34  | stair_descent_rear_forward_cost        |     -2.0 |
|   35  | stair_ascent_front_body_clearance_cost |     -1.0 |
|   36  | stair_up_order_violation_cost          |     -0.5 |
|   37  | stair_up_same_tread_cost               |     -1.5 |
|   38  | stair_up_same_tread_dwell_cost         |     -0.2 |
|   39  | stair_descent_rear_fold_cost           |     -1.0 |
|   40  | stair_ascent_front_fold_cost           |     -1.0 |
|   41  | turn_swing_size_cost                   |     -1.0 |
|   42  | stair_down_step_completion             |      3.0 |
|   43  | stair_front_riser_face_cost            |     -0.5 |
|   44  | stair_descent_rear_support             |     0.35 |
|   45  | stair_impact_cost                      |     -0.2 |
|   46  | stair_non_wheel_contact_cost           |     -0.2 |
|   47  | stair_non_wheel_scrape_cost            |     -0.1 |
|   48  | stair_joint_effort_cost                |     -0.1 |
|   49  | stair_joint_acceleration_cost          |    -0.02 |
|   50  | stair_mechanical_power_cost            |     -0.1 |
+-------+----------------------------------------+----------+
/home/ubuntu/miniconda3/envs/m20_wzh/lib/python3.11/site-packages/rsl_rl/utils/utils.py:220: UserWarning: The observation configuration dictionary 'obs_groups' is empty and thus likely not configured. Consider configuring the 'obs_groups' dictionary explicitly
  warnings.warn(
/home/ubuntu/miniconda3/envs/m20_wzh/lib/python3.11/site-packages/rsl_rl/utils/utils.py:251: UserWarning: The observation configuration dictionary 'obs_groups' does not contain the 'actor' key. As an observation group with the name 'policy' was found, this is assumed to be the appropriate observation. Consider adding the 'actor' key to the 'obs_groups' dictionary for clarity. This behavior will be removed in a future version.
  warnings.warn(
/home/ubuntu/miniconda3/envs/m20_wzh/lib/python3.11/site-packages/rsl_rl/utils/utils.py:243: UserWarning: The observation configuration dictionary 'obs_groups' does not contain the 'critic' key. As an observation group with the name 'critic' was found, this is assumed to be the appropriate observation. Consider adding the 'critic' key to the 'obs_groups' dictionary for clarity. This behavior will be removed in a future version.
  warnings.warn(

[INFO] Curriculum Manager:  <CurriculumManager> contains 13 active terms.
+--------------------------------------------+
|          Active Curriculum Terms           |
+-------+------------------------------------+
| Index | Name                               |
+-------+------------------------------------+
|   0   | terrain_levels                     |
|   1   | gait_level                         |
|   2   | step_completion                    |
|   3   | gait_quality                       |
|   4   | ascent_direction                   |
|   5   | terrain_level_overall              |
|   6   | terrain_level_pyramid_stairs       |
|   7   | terrain_level_pyramid_stairs_inv   |
|   8   | terrain_level_boxes                |
|   9   | terrain_level_random_rough         |
|   10  | terrain_level_hf_pyramid_slope     |
|   11  | terrain_level_hf_pyramid_slope_inv |
|   12  | terrain_level_flat                 |
+-------+------------------------------------+

[INFO]: Completed setting up the environment...
--------------------------------------------------------------------------------
Resolved observation sets: 
	 actor :  ['policy']
	 critic :  ['critic']
--------------------------------------------------------------------------------
Actor Model: MLPModel(
  (obs_normalizer): Identity()
  (distribution): GaussianDistribution()
  (mlp): MLP(
    (0): Linear(in_features=244, out_features=512, bias=True)
    (1): ELU(alpha=1.0)
    (2): Linear(in_features=512, out_features=256, bias=True)
    (3): ELU(alpha=1.0)
    (4): Linear(in_features=256, out_features=128, bias=True)
    (5): ELU(alpha=1.0)
    (6): Linear(in_features=128, out_features=16, bias=True)
  )
)
Critic Model: MLPModel(
  (obs_normalizer): Identity()
  (mlp): MLP(
    (0): Linear(in_features=285, out_features=512, bias=True)
    (1): ELU(alpha=1.0)
    (2): Linear(in_features=512, out_features=256, bias=True)
    (3): ELU(alpha=1.0)
    (4): Linear(in_features=256, out_features=128, bias=True)
    (5): ELU(alpha=1.0)
    (6): Linear(in_features=128, out_features=1, bias=True)
  )
)
[INFO]: Loading model checkpoint from: /home/ubuntu/cyq_shixi_projects/rl_training/logs/rsl_rl/deeprobotics_m20_stair_teacher/2026-10-06_22-06-56_stair_resume/model_199998.pt
[INFO]: Frozen task preservation actor from: logs/rsl_rl/deeprobotics_m20_stair_teacher/2026-10-06_22-06-56_stair_resume/model_199998.pt
Could not find git repository in /home/ubuntu/miniconda3/envs/m20_wzh/lib/python3.11/site-packages/rsl_rl/__init__.py. Skipping.
Storing git diff for 'rl_training' in: /home/ubuntu/cyq_shixi_projects/rl_training/logs/rsl_rl/deeprobotics_m20_stair_teacher/2026-10-09_01-02-39_gait_fix_oct09_smoke/git/rl_training.diff
################################################################################
[1m                        Learning iteration 199998/200000                        [0m 

                               Run name: gait_fix_oct09_smoke
                            Total steps: 384 
                       Steps per second: 210 
                        Collection time: 1.746s 
                          Learning time: 0.078s 
                        Mean value loss: 0.2264
                    Mean surrogate loss: 0.0001
                      Mean entropy loss: 6.2641
                       Mean anchor loss: 0.0000
                Mean critic_warmup loss: 1.0000
                        Mean action std: 0.37
            Episode_Reward/lin_vel_z_l2: 0.0000
           Episode_Reward/ang_vel_xy_l2: 0.0000
        Episode_Reward/joint_torques_l2: 0.0000
            Episode_Reward/joint_acc_l2: 0.0000
  Episode_Reward/hipx_joint_pos_penalty: 0.0000
  Episode_Reward/hipy_joint_pos_penalty: 0.0000
  Episode_Reward/knee_joint_pos_penalty: 0.0000
            Episode_Reward/joint_mirror: 0.0000
          Episode_Reward/action_rate_l2: 0.0000
        Episode_Reward/action_smooth_l2: 0.0000
      Episode_Reward/undesired_contacts: 0.0000
          Episode_Reward/contact_forces: 0.0000
    Episode_Reward/track_lin_vel_xy_exp: 0.0000
     Episode_Reward/track_ang_vel_z_exp: 0.0000
 Episode_Reward/feet_air_time_ang_z_M20: 0.0000
    Episode_Reward/feet_slide_ang_z_cmd: 0.0000
             Episode_Reward/stand_still: 0.0000
    Episode_Reward/rotation_gait_status: 0.0000
  Episode_Reward/rotation_gait_symmetry: 0.0000
 Episode_Reward/bad_orientation_penalty: 0.0000
      Episode_Reward/joint_acc_wheel_l2: 0.0000
  Episode_Reward/stair_orientation_cost: 0.0000
  Episode_Reward/stair_forward_progress: 0.0000
  Episode_Reward/stair_front_wheel_lift: 0.0000
Episode_Reward/stair_forward_motion_cost: 0.0000
Episode_Reward/stair_ascent_direction_cost: 0.0000
Episode_Reward/stair_front_wheel_touchdown: 0.0000
Episode_Reward/stair_front_single_support: 0.0000
Episode_Reward/stair_diagonal_support_symmetry: 0.0000
 Episode_Reward/stair_front_alternation: 0.0000
Episode_Reward/stair_up_step_completion: 0.0000
  Episode_Reward/stair_up_task_crossing: 0.0000
Episode_Reward/stair_up_rear_step_completion: 0.0000
   Episode_Reward/stair_rear_wheel_lift: 0.0000
Episode_Reward/stair_descent_rear_forward_cost: 0.0000
Episode_Reward/stair_ascent_front_body_clearance_cost: 0.0000
Episode_Reward/stair_up_order_violation_cost: 0.0000
Episode_Reward/stair_up_same_tread_cost: 0.0000
Episode_Reward/stair_up_same_tread_dwell_cost: 0.0000
Episode_Reward/stair_descent_rear_fold_cost: 0.0000
Episode_Reward/stair_ascent_front_fold_cost: 0.0000
    Episode_Reward/turn_swing_size_cost: 0.0000
Episode_Reward/stair_down_step_completion: 0.0000
Episode_Reward/stair_front_riser_face_cost: 0.0000
Episode_Reward/stair_descent_rear_support: 0.0000
       Episode_Reward/stair_impact_cost: 0.0000
Episode_Reward/stair_non_wheel_contact_cost: 0.0000
Episode_Reward/stair_non_wheel_scrape_cost: 0.0000
 Episode_Reward/stair_joint_effort_cost: 0.0000
Episode_Reward/stair_joint_acceleration_cost: 0.0000
Episode_Reward/stair_mechanical_power_cost: 0.0000
              Curriculum/terrain_levels: 0.0000
                  Curriculum/gait_level: 0.0000
 Curriculum/step_completion/up_attempts: 0.0000
Curriculum/step_completion/up_successes: 0.0000
Curriculum/step_completion/up_success_rate: 0.0000
Curriculum/step_completion/up_rear_successes: 0.0000
Curriculum/step_completion/up_front_violations: 0.0000
Curriculum/step_completion/up_rear_violations: 0.0000
Curriculum/step_completion/down_attempts: 0.0000
Curriculum/step_completion/down_successes: 0.0000
Curriculum/step_completion/down_success_rate: 0.0000
Curriculum/step_completion/forward_gate_fraction: 0.0000
Curriculum/step_completion/nearby_gate_fraction: 0.0000
        Curriculum/gait_quality/samples: 0.0000
    Curriculum/ascent_direction/samples: 0.0000
       Curriculum/terrain_level_overall: 0.0000
Curriculum/terrain_level_pyramid_stairs: 0.0000
Curriculum/terrain_level_pyramid_stairs_inv: 0.0000
         Curriculum/terrain_level_boxes: 0.0000
  Curriculum/terrain_level_random_rough: nan
Curriculum/terrain_level_hf_pyramid_slope: 0.0000
Curriculum/terrain_level_hf_pyramid_slope_inv: 0.0000
          Curriculum/terrain_level_flat: 0.0000
     Metrics/base_velocity/error_vel_xy: 0.0000
    Metrics/base_velocity/error_vel_yaw: 0.0000
           Metrics/base_velocity/base_z: 0.0000
         Metrics/base_velocity/knee_pos: 0.0000
           Episode_Termination/time_out: 0.0000
Episode_Termination/terrain_out_of_bounds: 0.0000
  Episode_Termination/bad_orientation_2: 0.0000
--------------------------------------------------------------------------------
                         Iteration time: 1.82s
                           Time elapsed: 00:00:01
                                    ETA: 00:00:01

################################################################################
[1m                        Learning iteration 199999/200000                        [0m 

                               Run name: gait_fix_oct09_smoke
                            Total steps: 768 
                       Steps per second: 241 
                        Collection time: 1.556s 
                          Learning time: 0.037s 
                        Mean value loss: 0.2828
                    Mean surrogate loss: 0.0001
                      Mean entropy loss: 6.2641
                       Mean anchor loss: 0.0000
                Mean critic_warmup loss: 1.0000
                            Mean reward: 5.89
                    Mean episode length: 44.00
                        Mean action std: 0.37
            Episode_Reward/lin_vel_z_l2: -0.0003
           Episode_Reward/ang_vel_xy_l2: -0.0001
        Episode_Reward/joint_torques_l2: 0.0000
            Episode_Reward/joint_acc_l2: -0.0004
  Episode_Reward/hipx_joint_pos_penalty: -0.0022
  Episode_Reward/hipy_joint_pos_penalty: -0.0011
  Episode_Reward/knee_joint_pos_penalty: -0.0011
            Episode_Reward/joint_mirror: 0.0000
          Episode_Reward/action_rate_l2: 0.0000
        Episode_Reward/action_smooth_l2: 0.0000
      Episode_Reward/undesired_contacts: 0.0000
          Episode_Reward/contact_forces: 0.0000
    Episode_Reward/track_lin_vel_xy_exp: 0.0427
     Episode_Reward/track_ang_vel_z_exp: 0.0245
 Episode_Reward/feet_air_time_ang_z_M20: 0.0000
    Episode_Reward/feet_slide_ang_z_cmd: 0.0000
             Episode_Reward/stand_still: 0.0000
    Episode_Reward/rotation_gait_status: 0.0000
  Episode_Reward/rotation_gait_symmetry: 0.0000
 Episode_Reward/bad_orientation_penalty: 0.0000
      Episode_Reward/joint_acc_wheel_l2: -0.0005
  Episode_Reward/stair_orientation_cost: -0.0002
  Episode_Reward/stair_forward_progress: 0.0000
  Episode_Reward/stair_front_wheel_lift: 0.0000
Episode_Reward/stair_forward_motion_cost: 0.0000
Episode_Reward/stair_ascent_direction_cost: 0.0000
Episode_Reward/stair_front_wheel_touchdown: 0.0000
Episode_Reward/stair_front_single_support: 0.0000
Episode_Reward/stair_diagonal_support_symmetry: 0.0000
 Episode_Reward/stair_front_alternation: 0.0000
Episode_Reward/stair_up_step_completion: 0.0000
  Episode_Reward/stair_up_task_crossing: 0.0000
Episode_Reward/stair_up_rear_step_completion: 0.0000
   Episode_Reward/stair_rear_wheel_lift: 0.0000
Episode_Reward/stair_descent_rear_forward_cost: 0.0000
Episode_Reward/stair_ascent_front_body_clearance_cost: 0.0000
Episode_Reward/stair_up_order_violation_cost: 0.0000
Episode_Reward/stair_up_same_tread_cost: 0.0000
Episode_Reward/stair_up_same_tread_dwell_cost: 0.0000
Episode_Reward/stair_descent_rear_fold_cost: 0.0000
Episode_Reward/stair_ascent_front_fold_cost: 0.0000
    Episode_Reward/turn_swing_size_cost: 0.0000
Episode_Reward/stair_down_step_completion: 0.0000
Episode_Reward/stair_front_riser_face_cost: 0.0000
Episode_Reward/stair_descent_rear_support: 0.0000
       Episode_Reward/stair_impact_cost: 0.0000
Episode_Reward/stair_non_wheel_contact_cost: 0.0000
Episode_Reward/stair_non_wheel_scrape_cost: 0.0000
 Episode_Reward/stair_joint_effort_cost: 0.0000
Episode_Reward/stair_joint_acceleration_cost: 0.0000
Episode_Reward/stair_mechanical_power_cost: 0.0000
              Curriculum/terrain_levels: 0.0000
                  Curriculum/gait_level: 0.0000
 Curriculum/step_completion/up_attempts: 0.0000
Curriculum/step_completion/up_successes: 0.0000
Curriculum/step_completion/up_success_rate: 0.0000
Curriculum/step_completion/up_rear_successes: 0.0000
Curriculum/step_completion/up_front_violations: 0.0000
Curriculum/step_completion/up_rear_violations: 0.0000
Curriculum/step_completion/down_attempts: 0.0000
Curriculum/step_completion/down_successes: 0.0000
Curriculum/step_completion/down_success_rate: 0.0000
Curriculum/step_completion/forward_gate_fraction: 0.0000
Curriculum/step_completion/nearby_gate_fraction: 0.0000
        Curriculum/gait_quality/samples: 0.0000
    Curriculum/ascent_direction/samples: 0.0000
       Curriculum/terrain_level_overall: 0.0000
Curriculum/terrain_level_pyramid_stairs: 0.0000
Curriculum/terrain_level_pyramid_stairs_inv: 0.0000
         Curriculum/terrain_level_boxes: 0.0000
  Curriculum/terrain_level_random_rough: nan
Curriculum/terrain_level_hf_pyramid_slope: 0.0000
Curriculum/terrain_level_hf_pyramid_slope_inv: 0.0000
          Curriculum/terrain_level_flat: 0.0000
     Metrics/base_velocity/error_vel_xy: 0.0029
    Metrics/base_velocity/error_vel_yaw: 0.0037
           Metrics/base_velocity/base_z: -0.0418
         Metrics/base_velocity/knee_pos: 0.0342
           Episode_Termination/time_out: 0.0130
Episode_Termination/terrain_out_of_bounds: 0.0000
  Episode_Termination/bad_orientation_2: 0.0000
--------------------------------------------------------------------------------
                         Iteration time: 1.59s
                           Time elapsed: 00:00:03
                                    ETA: 00:00:00

2026-10-08T17:02:33Z [377ms] [Warning] [carb] Acquiring non optional plugin interface which is not listed as dependency: [omni::physx::IPhysxBenchmarks v1.0] (plugin: <default plugin>), by client: omni.physics.physx.plugin. Add it to CARB_PLUGIN_IMPL_DEPS() macro of a client.
2026-10-08T17:02:33Z [382ms] [Warning] [omni.isaac.dynamic_control] omni.isaac.dynamic_control is deprecated as of Isaac Sim 4.5. No action is needed from end-users.

|---------------------------------------------------------------------------------------------|
| Driver Version: 580.173.02    | Graphics API: Vulkan
|=============================================================================================|
| GPU | Name                             | Active | LDA | GPU Memory | Vendor-ID | LUID       |
|     |                                  |        |     |            | Device-ID | UUID       |
|     |                                  |        |     |            | Bus-ID    |            |
|---------------------------------------------------------------------------------------------|
| 0   | NVIDIA GeForce RTX 4090          | Yes: 0 |     | 81898   MB | 10de      | 0          |
|     |                                  |        |     |            | 2684      | cd550f3e.. |
|     |                                  |        |     |            | 1         |            |
|=============================================================================================|
| OS: 22.04.5 LTS (Jammy Jellyfish) ubuntu, Version: 22.04.5, Kernel: 6.8.0-138-generic
| XServer Vendor: The X.Org Foundation, XServer Version: 12101004 (1.21.1.4)
| Processor: Intel(R) Core(TM) Ultra 9 285K
| Cores: 1 | Logical Cores: 1
|---------------------------------------------------------------------------------------------|
| Total Memory (MB): 128145 | Free Memory: 106101
| Total Page/Swap (MB): 2047 | Free Page/Swap: 2012
|---------------------------------------------------------------------------------------------|
2026-10-08T17:02:37Z [4,660ms] [Warning] [gpu.foundation.plugin] Different types of CPU governors are being used accross cores.
2026-10-08T17:02:37Z [4,660ms] [Warning] [gpu.foundation.plugin] CPU performance profile is set to powersave. This profile sets the CPU to the lowest frequency reducing performance.
2026-10-08T17:02:45Z [13,108ms] [Warning] [omni.physx.fabric.plugin] FabricManager::initializePointInstancer mismatched prototypes on point instancer: /Visuals/Command/velocity_goal.
2026-10-08T17:02:45Z [13,108ms] [Warning] [omni.physx.fabric.plugin] FabricManager::initializePointInstancer mismatched prototypes on point instancer: /Visuals/Command/velocity_current.
