[INFO][AppLauncher]: Using device: cuda:0
[INFO][AppLauncher]: Loading experience file: /home/ubuntu/xyproject/m20_wzh/IsaacLab/apps/isaaclab.python.headless.kit
Loading user config located at: '/home/ubuntu/miniconda3/envs/m20_wzh/lib/python3.11/site-packages/isaacsim/kit/data/Kit/Isaac-Sim/5.1/user.config.json'
[Info] [carb] Logging to file: /home/ubuntu/miniconda3/envs/m20_wzh/lib/python3.11/site-packages/isaacsim/kit/logs/Kit/Isaac-Sim/5.1/kit_20261003_143631.log
2026-10-03T06:36:31Z [74ms] [Warning] [omni.usd_config.extension] Enable omni.materialx.libs extension to use MaterialX
2026-10-03T06:36:31Z [248ms] [Error] [omni.platforminfo.plugin] failed to find the package that core 1 belongs to.
2026-10-03T06:36:31Z [248ms] [Error] [omni.platforminfo.plugin] failed to find the package that core 2 belongs to.
2026-10-03T06:36:31Z [248ms] [Error] [omni.platforminfo.plugin] failed to find the package that core 3 belongs to.
2026-10-03T06:36:31Z [248ms] [Error] [omni.platforminfo.plugin] failed to find the package that core 4 belongs to.
2026-10-03T06:36:31Z [248ms] [Error] [omni.platforminfo.plugin] failed to find the package that core 5 belongs to.
2026-10-03T06:36:31Z [248ms] [Error] [omni.platforminfo.plugin] failed to find the package that core 6 belongs to.
2026-10-03T06:36:31Z [248ms] [Error] [omni.platforminfo.plugin] failed to find the package that core 7 belongs to.
2026-10-03T06:36:31Z [248ms] [Error] [omni.platforminfo.plugin] failed to find the package that core 8 belongs to.
2026-10-03T06:36:31Z [248ms] [Error] [omni.platforminfo.plugin] failed to find the package that core 9 belongs to.
2026-10-03T06:36:31Z [248ms] [Error] [omni.platforminfo.plugin] failed to find the package that core 10 belongs to.
2026-10-03T06:36:31Z [248ms] [Error] [omni.platforminfo.plugin] failed to find the package that core 11 belongs to.
2026-10-03T06:36:31Z [248ms] [Error] [omni.platforminfo.plugin] failed to find the package that core 12 belongs to.
2026-10-03T06:36:31Z [248ms] [Error] [omni.platforminfo.plugin] failed to find the package that core 13 belongs to.
2026-10-03T06:36:31Z [248ms] [Error] [omni.platforminfo.plugin] failed to find the package that core 14 belongs to.
2026-10-03T06:36:31Z [248ms] [Error] [omni.platforminfo.plugin] failed to find the package that core 15 belongs to.
2026-10-03T06:36:31Z [248ms] [Error] [omni.platforminfo.plugin] failed to find the package that core 16 belongs to.
2026-10-03T06:36:31Z [248ms] [Error] [omni.platforminfo.plugin] failed to find the package that core 17 belongs to.
2026-10-03T06:36:31Z [248ms] [Error] [omni.platforminfo.plugin] failed to find the package that core 18 belongs to.
2026-10-03T06:36:31Z [248ms] [Error] [omni.platforminfo.plugin] failed to find the package that core 19 belongs to.
2026-10-03T06:36:31Z [248ms] [Error] [omni.platforminfo.plugin] failed to find the package that core 20 belongs to.
2026-10-03T06:36:31Z [248ms] [Error] [omni.platforminfo.plugin] failed to find the package that core 21 belongs to.
2026-10-03T06:36:31Z [248ms] [Error] [omni.platforminfo.plugin] failed to find the package that core 22 belongs to.
2026-10-03T06:36:31Z [248ms] [Error] [omni.platforminfo.plugin] failed to find the package that core 23 belongs to.
2026-10-03T06:36:31Z [363ms] [Warning] [carb] Acquiring non optional plugin interface which is not listed as dependency: [omni::physx::IPhysxBenchmarks v1.0] (plugin: <default plugin>), by client: omni.physics.physx.plugin. Add it to CARB_PLUGIN_IMPL_DEPS() macro of a client.
2026-10-03T06:36:31Z [369ms] [Warning] [omni.isaac.dynamic_control] omni.isaac.dynamic_control is deprecated as of Isaac Sim 4.5. No action is needed from end-users.
MESA: warning: Driver does not support the 0x7d67 PCI ID.
MESA: warning: Driver does not support the 0x7d67 PCI ID.

|---------------------------------------------------------------------------------------------|
| Driver Version: 580.173.02    | Graphics API: Vulkan
|=============================================================================================|
| GPU | Name                             | Active | LDA | GPU Memory | Vendor-ID | LUID       |
|     |                                  |        |     |            | Device-ID | UUID       |
|     |                                  |        |     |            | Bus-ID    |            |
|---------------------------------------------------------------------------------------------|
| 0   | NVIDIA GeForce RTX 4090          | Yes: 0 |     | 81898   MB | 10de      | 0          |
|     |                                  |        |     |            | 2684      | cd550f3e.. |
|     |                                  |        |     |            | 1         |            |
|=============================================================================================|
| OS: 22.04.5 LTS (Jammy Jellyfish) ubuntu, Version: 22.04.5, Kernel: 6.8.0-138-generic
| XServer Vendor: The X.Org Foundation, XServer Version: 12101004 (1.21.1.4)
| Processor: Intel(R) Core(TM) Ultra 9 285K
| Cores: 1 | Logical Cores: 1
|---------------------------------------------------------------------------------------------|
| Total Memory (MB): 128145 | Free Memory: 108342
| Total Page/Swap (MB): 2047 | Free Page/Swap: 2020
|---------------------------------------------------------------------------------------------|
2026-10-03T06:36:35Z [4,792ms] [Warning] [gpu.foundation.plugin] Different types of CPU governors are being used accross cores.
2026-10-03T06:36:35Z [4,792ms] [Warning] [gpu.foundation.plugin] CPU performance profile is set to powersave. This profile sets the CPU to the lowest frequency reducing performance.
[INFO]: Parsing configuration from: rl_training.tasks.manager_based.locomotion.velocity.config.wheeled.deeprobotics_m20.stair_teacher_env_cfg:DeeproboticsM20StairTeacherEnvCfg

[36m======================================================================================[0m
[36m[1m[INFO][IsaacLab]: Logging to file: /tmp/isaaclab/logs/isaaclab_2026-10-03_14-36-37.log[0m
[36m======================================================================================[0m

[33m14:36:37 [simulation_context.py] WARNING: The `enable_external_forces_every_iteration` parameter in the PhysxCfg is set to False. If you are experiencing noisy velocities, consider enabling this flag. You may need to slightly increase the number of velocity iterations (setting it to 1 or 2 rather than 0), together with this flag, to improve the accuracy of velocity updates.[0m
[INFO]: Base environment:
	Environment device    : cuda:0
	Environment seed      : 42
	Physics step-size     : 0.005
	Rendering step-size   : 0.02
	Environment step-size : 0.02
[INFO] Generating terrains based on curriculum took : 0.208289 seconds
[INFO]: Time taken for scene creation : 0.389792 seconds
[INFO]: Scene manager:  <class InteractiveScene>
	Number of environments: 16
	Environment spacing   : 2.5
	Source prim name      : /World/envs/env_0
	Global prim paths     : ['/World/ground']
	Replicate physics     : True
[INFO]: Starting the simulation. This may take a few seconds. Please wait...
[INFO]: Time taken for simulation start : 0.463759 seconds
[INFO] Command Manager:  <CommandManager> contains 1 active terms.
+-----------------------------------------------------+
|                 Active Command Terms                |
+-------+---------------+-----------------------------+
| Index | Name          |             Type            |
+-------+---------------+-----------------------------+
|   0   | base_velocity | StairTeacherVelocityCommand |
+-------+---------------+-----------------------------+

[INFO] Event Manager:  <EventManager> contains 3 active terms.
+----------------------------------------+
| Active Event Terms in Mode: 'startup'  |
+-------+--------------------------------+
| Index | Name                           |
+-------+--------------------------------+
|   0   | randomize_rigid_body_material  |
|   1   | randomize_rigid_body_mass      |
|   2   | randomize_rigid_body_mass_base |
|   3   | randomize_rigid_body_inertia   |
|   4   | randomize_com_positions        |
+-------+--------------------------------+
+-----------------------------------------------+
|      Active Event Terms in Mode: 'reset'      |
+-------+---------------------------------------+
| Index | Name                                  |
+-------+---------------------------------------+
|   0   | randomize_apply_external_force_torque |
|   1   | randomize_reset_joints                |
|   2   | randomize_actuator_gains              |
|   3   | randomize_reset_base                  |
+-------+---------------------------------------+
+--------------------------------------------------------+
|         Active Event Terms in Mode: 'interval'         |
+-------+----------------------+-------------------------+
| Index | Name                 | Interval time range (s) |
+-------+----------------------+-------------------------+
|   0   | randomize_push_robot |       (10.0, 15.0)      |
+-------+----------------------+-------------------------+

[INFO] Recorder Manager:  <RecorderManager> contains 0 active terms.
+---------------------+
| Active Recorder Terms |
+-----------+---------+
|   Index   | Name    |
+-----------+---------+
+-----------+---------+

[INFO] Action Manager:  <ActionManager> contains 2 active terms.
+------------------------------------+
|  Active Action Terms (shape: 16)   |
+--------+-------------+-------------+
| Index  | Name        |   Dimension |
+--------+-------------+-------------+
|   0    | joint_pos   |          12 |
|   1    | joint_vel   |           4 |
+--------+-------------+-------------+

[INFO] Observation Manager: <ObservationManager> contains 2 groups.
+----------------------------------------------------------+
| Active Observation Terms in Group: 'policy' (shape: (244,)) |
+-----------+--------------------------------+-------------+
|   Index   | Name                           |    Shape    |
+-----------+--------------------------------+-------------+
|     0     | base_ang_vel                   |     (3,)    |
|     1     | projected_gravity              |     (3,)    |
|     2     | velocity_commands              |     (3,)    |
|     3     | joint_pos                      |    (16,)    |
|     4     | joint_vel                      |    (16,)    |
|     5     | actions                        |    (16,)    |
|     6     | height_scan                    |    (187,)   |
+-----------+--------------------------------+-------------+
+--------------------------------------------------------------+
| Active Observation Terms in Group: 'critic' (shape: (285,))  |
+---------+-----------------------------------------+----------+
|  Index  | Name                                    |  Shape   |
+---------+-----------------------------------------+----------+
|    0    | base_lin_vel                            |   (3,)   |
|    1    | base_ang_vel                            |   (3,)   |
|    2    | projected_gravity                       |   (3,)   |
|    3    | velocity_commands                       |   (3,)   |
|    4    | joint_pos                               |  (16,)   |
|    5    | joint_vel                               |  (16,)   |
|    6    | actions                                 |  (16,)   |
|    7    | height_scan                             |  (187,)  |
|    8    | joint_acceleration                      |  (16,)   |
|    9    | applied_torque                          |  (16,)   |
|    10   | wheel_contact_force_magnitude           |   (4,)   |
|    11   | material_friction                       |   (2,)   |
+---------+-----------------------------------------+----------+

[INFO] Termination Manager:  <TerminationManager> contains 3 active terms.
+------------------------------------------+
|         Active Termination Terms         |
+-------+-----------------------+----------+
| Index | Name                  | Time Out |
+-------+-----------------------+----------+
|   0   | time_out              |   True   |
|   1   | terrain_out_of_bounds |   True   |
|   2   | bad_orientation_2     |  False   |
+-------+-----------------------+----------+

[INFO] Reward Manager:  <RewardManager> contains 46 active terms.
+----------------------------------------------------+
|                Active Reward Terms                 |
+-------+---------------------------------+----------+
| Index | Name                            |   Weight |
+-------+---------------------------------+----------+
|   0   | lin_vel_z_l2                    |     -2.0 |
|   1   | ang_vel_xy_l2                   |    -0.02 |
|   2   | joint_torques_l2                | -2.5e-05 |
|   3   | joint_acc_l2                    |   -2e-07 |
|   4   | hipx_joint_pos_penalty          |     -3.0 |
|   5   | hipy_joint_pos_penalty          |     -1.5 |
|   6   | knee_joint_pos_penalty          |    -0.75 |
|   7   | joint_mirror                    |    -0.03 |
|   8   | action_rate_l2                  |    -0.01 |
|   9   | action_smooth_l2                |   -0.025 |
|   10  | undesired_contacts              |     -1.0 |
|   11  | contact_forces                  | -0.00015 |
|   12  | track_lin_vel_xy_exp            |      5.0 |
|   13  | track_ang_vel_z_exp             |      3.0 |
|   14  | feet_air_time_ang_z_M20         |     50.0 |
|   15  | feet_slide_ang_z_cmd            |     -2.0 |
|   16  | stand_still                     |     -1.0 |
|   17  | rotation_gait_status            |      1.0 |
|   18  | rotation_gait_symmetry          |      2.0 |
|   19  | bad_orientation_penalty         |  -1000.0 |
|   20  | joint_acc_wheel_l2              |   -1e-07 |
|   21  | stair_orientation_cost          |     -1.0 |
|   22  | stair_forward_progress          |      1.0 |
|   23  | stair_front_wheel_lift          |      1.0 |
|   24  | stair_forward_motion_cost       |     -2.0 |
|   25  | stair_front_wheel_touchdown     |      1.0 |
|   26  | stair_front_single_support      |      0.1 |
|   27  | stair_diagonal_support_symmetry |     0.05 |
|   28  | stair_front_alternation         |     0.25 |
|   29  | stair_up_step_completion        |      3.0 |
|   30  | stair_up_rear_step_completion   |      2.0 |
|   31  | stair_up_order_violation_cost   |     -0.5 |
|   32  | stair_up_same_tread_cost        |     -1.0 |
|   33  | stair_up_same_tread_dwell_cost  |     -1.0 |
|   34  | stair_descent_rear_fold_cost    |     -1.0 |
|   35  | stair_ascent_front_fold_cost    |     -0.5 |
|   36  | turn_swing_size_cost            |     -1.0 |
|   37  | stair_down_step_completion      |      3.0 |
|   38  | stair_front_riser_face_cost     |     -0.5 |
|   39  | stair_descent_rear_support      |     0.35 |
|   40  | stair_impact_cost               |     -0.2 |
|   41  | stair_non_wheel_contact_cost    |     -0.2 |
|   42  | stair_non_wheel_scrape_cost     |     -0.1 |
|   43  | stair_joint_effort_cost         |     -0.1 |
|   44  | stair_joint_acceleration_cost   |    -0.02 |
|   45  | stair_mechanical_power_cost     |     -0.1 |
+-------+---------------------------------+----------+

[INFO] Curriculum Manager:  <CurriculumManager> contains 12 active terms.
+--------------------------------------------+
|          Active Curriculum Terms           |
+-------+------------------------------------+
| Index | Name                               |
+-------+------------------------------------+
|   0   | terrain_levels                     |
|   1   | gait_level                         |
|   2   | step_completion                    |
|   3   | gait_quality                       |
|   4   | terrain_level_overall              |
|   5   | terrain_level_pyramid_stairs       |
|   6   | terrain_level_pyramid_stairs_inv   |
|   7   | terrain_level_boxes                |
|   8   | terrain_level_random_rough         |
|   9   | terrain_level_hf_pyramid_slope     |
|   10  | terrain_level_hf_pyramid_slope_inv |
|   11  | terrain_level_flat                 |
+-------+------------------------------------+

[INFO]: Completed setting up the environment...
[INFO]: Parsing configuration from: rl_training.tasks.manager_based.locomotion.velocity.config.wheeled.deeprobotics_m20.agents.stair_teacher_ppo_cfg:DeeproboticsM20StairTeacherPPORunnerCfg
/home/ubuntu/miniconda3/envs/m20_wzh/lib/python3.11/site-packages/rsl_rl/utils/utils.py:220: UserWarning: The observation configuration dictionary 'obs_groups' is empty and thus likely not configured. Consider configuring the 'obs_groups' dictionary explicitly
  warnings.warn(
/home/ubuntu/miniconda3/envs/m20_wzh/lib/python3.11/site-packages/rsl_rl/utils/utils.py:251: UserWarning: The observation configuration dictionary 'obs_groups' does not contain the 'actor' key. As an observation group with the name 'policy' was found, this is assumed to be the appropriate observation. Consider adding the 'actor' key to the 'obs_groups' dictionary for clarity. This behavior will be removed in a future version.
  warnings.warn(
/home/ubuntu/miniconda3/envs/m20_wzh/lib/python3.11/site-packages/rsl_rl/utils/utils.py:243: UserWarning: The observation configuration dictionary 'obs_groups' does not contain the 'critic' key. As an observation group with the name 'critic' was found, this is assumed to be the appropriate observation. Consider adding the 'critic' key to the 'obs_groups' dictionary for clarity. This behavior will be removed in a future version.
  warnings.warn(
--------------------------------------------------------------------------------
Resolved observation sets: 
	 actor :  ['policy']
	 critic :  ['critic']
--------------------------------------------------------------------------------
Actor Model: MLPModel(
  (obs_normalizer): Identity()
  (distribution): GaussianDistribution()
  (mlp): MLP(
    (0): Linear(in_features=244, out_features=512, bias=True)
    (1): ELU(alpha=1.0)
    (2): Linear(in_features=512, out_features=256, bias=True)
    (3): ELU(alpha=1.0)
    (4): Linear(in_features=256, out_features=128, bias=True)
    (5): ELU(alpha=1.0)
    (6): Linear(in_features=128, out_features=16, bias=True)
  )
)
Critic Model: MLPModel(
  (obs_normalizer): Identity()
  (mlp): MLP(
    (0): Linear(in_features=285, out_features=512, bias=True)
    (1): ELU(alpha=1.0)
    (2): Linear(in_features=512, out_features=256, bias=True)
    (3): ELU(alpha=1.0)
    (4): Linear(in_features=256, out_features=128, bias=True)
    (5): ELU(alpha=1.0)
    (6): Linear(in_features=128, out_features=1, bias=True)
  )
)
STAIR_SMOKE_RUNNER_OK
STAIR_SMOKE_ACTOR_LOADED
STAIR_SMOKE_RESET_OK
STAIR_SMOKE_PROGRESS=25/60
STAIR_SMOKE_PROGRESS=50/60
STAIR_SMOKE_RESULT={"steps": 60, "num_envs": 16, "trained": false, "actor_checkpoint": ".scratch/front_fold_20261003/baseline/model_80100.pt", "observation_shapes": {"policy": [16, 244], "critic": [16, 285]}, "finite": true, "mean_return": 6.254816168919206, "targets_started": 0.0, "front_lift_credit": 0.0, "unique_lift_targets": 0, "calibrated_wheel_fraction": 1.0, "active_reward_weights": {"lin_vel_z_l2": -2.0, "ang_vel_xy_l2": -0.02, "joint_torques_l2": -2.5e-05, "joint_acc_l2": -2e-07, "hipx_joint_pos_penalty": -3.0, "hipy_joint_pos_penalty": -1.5, "knee_joint_pos_penalty": -0.75, "joint_mirror": -0.03, "action_rate_l2": -0.01, "action_smooth_l2": -0.025, "undesired_contacts": -1.0, "contact_forces": -0.00015, "track_lin_vel_xy_exp": 5.0, "track_ang_vel_z_exp": 3.0, "feet_air_time_ang_z_M20": 50.0, "feet_slide_ang_z_cmd": -2.0, "stand_still": -1.0, "rotation_gait_status": 1.0, "rotation_gait_symmetry": 2.0, "bad_orientation_penalty": -1000.0, "joint_acc_wheel_l2": -1e-07, "stair_orientation_cost": -1.0, "stair_forward_progress": 1.0, "stair_front_wheel_lift": 1.0, "stair_forward_motion_cost": -2.0, "stair_front_wheel_touchdown": 1.0, "stair_front_single_support": 0.1, "stair_diagonal_support_symmetry": 0.05, "stair_front_alternation": 0.25, "stair_up_step_completion": 3.0, "stair_up_rear_step_completion": 2.0, "stair_up_order_violation_cost": -0.5, "stair_up_same_tread_cost": -1.0, "stair_up_same_tread_dwell_cost": -1.0, "stair_descent_rear_fold_cost": -1.0, "stair_ascent_front_fold_cost": -0.5, "turn_swing_size_cost": -1.0, "stair_down_step_completion": 3.0, "stair_front_riser_face_cost": -0.5, "stair_descent_rear_support": 0.35, "stair_impact_cost": -0.2, "stair_non_wheel_contact_cost": -0.2, "stair_non_wheel_scrape_cost": -0.1, "stair_joint_effort_cost": -0.1, "stair_joint_acceleration_cost": -0.02, "stair_mechanical_power_cost": -0.1}, "resolved_gait_entities": {"stair_descent_rear_fold_cost": {"asset_cfg": {"bodies": [13, 14, 15, 16], "joints": null}, "hip_cfg": {"bodies": [5, 6, 7, 8], "joints": null}, "knee_cfg": {"bodies": null, "joints": [8, 9, 10, 11]}, "sensor_cfg": {"bodies": null, "joints": null}, "contact_sensor_cfg": {"bodies": [4, 8, 12, 16], "joints": null}}, "stair_ascent_front_fold_cost": {"asset_cfg": {"bodies": [13, 14, 15, 16], "joints": null}, "hip_cfg": {"bodies": [5, 6, 7, 8], "joints": null}, "knee_cfg": {"bodies": null, "joints": [8, 9, 10, 11]}, "sensor_cfg": {"bodies": null, "joints": null}, "contact_sensor_cfg": {"bodies": [4, 8, 12, 16], "joints": null}}, "turn_swing_size_cost": {"asset_cfg": {"bodies": [13, 14, 15, 16], "joints": null}, "hip_cfg": {"bodies": [5, 6, 7, 8], "joints": null}, "knee_cfg": {"bodies": null, "joints": [8, 9, 10, 11]}, "sensor_cfg": {"bodies": null, "joints": null}, "contact_sensor_cfg": {"bodies": [4, 8, 12, 16], "joints": null}}, "rotation_gait_status": {"asset_cfg": {"bodies": [13, 14, 15, 16], "joints": null}, "hip_cfg": {"bodies": [5, 6, 7, 8], "joints": null}, "knee_cfg": {"bodies": null, "joints": [8, 9, 10, 11]}, "sensor_cfg": {"bodies": null, "joints": null}, "contact_sensor_cfg": {"bodies": [4, 8, 12, 16], "joints": null}}}, "reward_abs_peaks": {"lin_vel_z_l2": 0.2517022490501404, "ang_vel_xy_l2": 0.14661794900894165, "joint_torques_l2": 0.0, "joint_acc_l2": 6.2648444175720215, "hipx_joint_pos_penalty": 0.7133026123046875, "hipy_joint_pos_penalty": 0.6025964021682739, "knee_joint_pos_penalty": 0.6795656681060791, "joint_mirror": 0.0, "action_rate_l2": 0.0, "action_smooth_l2": 0.0, "undesired_contacts": 0.0, "contact_forces": 0.0, "track_lin_vel_xy_exp": 4.999924659729004, "track_ang_vel_z_exp": 2.9999983310699463, "feet_air_time_ang_z_M20": 0.0, "feet_slide_ang_z_cmd": 0.0, "stand_still": 2.492793321609497, "rotation_gait_status": 0.0, "rotation_gait_symmetry": 0.0, "bad_orientation_penalty": 0.0, "joint_acc_wheel_l2": 19.36105728149414, "stair_orientation_cost": 0.400234192609787, "stair_forward_progress": 0.0, "stair_front_wheel_lift": 0.0, "stair_forward_motion_cost": 0.0, "stair_front_wheel_touchdown": 0.0, "stair_front_single_support": 0.0, "stair_diagonal_support_symmetry": 0.0, "stair_front_alternation": 0.0, "stair_up_step_completion": 0.0, "stair_up_rear_step_completion": 0.0, "stair_up_order_violation_cost": 0.0, "stair_up_same_tread_cost": 0.0, "stair_up_same_tread_dwell_cost": 0.0, "stair_descent_rear_fold_cost": 0.0, "stair_ascent_front_fold_cost": 0.0, "turn_swing_size_cost": 0.2646705210208893, "stair_down_step_completion": 0.0, "stair_front_riser_face_cost": 0.0, "stair_descent_rear_support": 0.0, "stair_impact_cost": 0.0, "stair_non_wheel_contact_cost": 0.0, "stair_non_wheel_scrape_cost": 0.0, "stair_joint_effort_cost": 0.0, "stair_joint_acceleration_cost": 0.0, "stair_mechanical_power_cost": 0.0}, "gait_metrics": {"turn_samples": 480.0, "descent_samples": 0.0, "rear_support_samples": 0.0, "turn_clearance_mean_m": 0.03841983154416084, "turn_reach_mean_m": 0.1756921112537384, "turn_yaw_error_mean": 0.34783580899238586, "rear_extension_mean_m": 0.0, "rear_fold_support_fraction": 0.0, "ascent_samples": 0.0, "front_support_samples": 0.0, "front_extension_mean_m": 0.0, "front_knee_abs_mean_rad": 0.0, "front_fold_support_fraction": 0.0, "front_swing_samples": 0.0, "front_extreme_swing_fold_fraction": 0.0}}
